잡음 제거: 바닥 -13.5 -> -24.5 dB (−11.0 dB), 정점 -13.6 -> -13.6 dB
구간 0.000~1.420 s, 1420 프레임 × 1.0 ms
  1 단계 전역 32 스칼라 (이득 -39.2 dB)
      lr 0.015 -> 손실 5.0470
      lr 0.030 -> 손실 4.5536
      lr 0.050 -> 손실 4.1512
      lr 0.090 -> 손실 3.8469
      -> lr 0.090 선택
    [   0] 포락  -6.00%  정밀 -48.84%  오차 13.57 dB  펄스 0.967  손실 5.7641
    [  50] 포락  38.47%  정밀  11.24%  오차  7.86 dB  펄스 0.745  손실 3.6723
    [ 100] 포락  56.02%  정밀  48.50%  오차  6.47 dB  펄스 0.742  손실 3.0550
    [ 150] 포락  60.29%  정밀  55.80%  오차  6.11 dB  펄스 0.742  손실 2.8674
    [ 199] 포락  61.18%  정밀  56.65%  오차  6.04 dB  펄스 0.742  손실 2.8339
  2.1 단계  격자 20 ms (71 점)  창 (256, 512)
    [   0] 포락  61.18%  정밀  56.65%  오차  6.04 dB  펄스 0.742  손실 2.8339
    [  50] 포락  83.50%  정밀  80.57%  오차  3.07 dB  펄스 0.133  손실 1.2250
    [  99] 포락  84.43%  정밀  81.53%  오차  2.81 dB  펄스 0.093  손실 1.1104
  2.2 단계  격자 10 ms (142 점)  창 (256, 512, 1024)
    [   0] 포락  83.95%  정밀  80.84%  오차  2.87 dB  펄스 0.093  손실 1.1351
    [  50] 포락  83.85%  정밀  80.05%  오차  2.49 dB  펄스 0.695  손실 1.6159
    [  99] 포락  84.75%  정밀  80.59%  오차  2.40 dB  펄스 0.574  손실 1.4547
  2.3 단계  격자 5 ms (284 점)  창 (256, 512, 1024, 2048)
    [   0] 포락  82.95%  정밀  79.25%  오차  2.89 dB  펄스 0.136  손실 1.1937
    [  50] 포락  87.20%  정밀  83.43%  오차  2.31 dB  펄스 0.130  손실 0.9138
    [  99] 포락  87.81%  정밀  84.33%  오차  2.17 dB  펄스 0.109  손실 0.8353
  2.4 단계  격자 1 ms (1420 점)  창 (256, 512, 1024, 2048, 4096)
    [   0] 포락  87.98%  정밀  83.45%  오차  2.17 dB  펄스 0.109  손실 0.8404
    [  50] 포락  90.33%  정밀  85.01%  오차  1.69 dB  펄스 0.095  손실 0.6854
    [  99] 포락  90.93%  정밀  85.57%  오차  1.47 dB  펄스 0.088  손실 0.6020
  3 단계  위상 (가중 3.0, 200 반복)
      lr 0.050 -> 손실 3.4359
      lr 0.120 -> 손실 4.6045
      lr 0.250 -> 손실 4.6045
      -> lr 0.050 선택
    [   0] 포락  90.93%  정밀  85.57%  오차  1.47 dB  펄스 0.088  손실 4.6045
    [  50] 포락  86.34%  정밀  77.76%  오차  2.91 dB  펄스 0.474  손실 3.8036
    [ 100] 포락  89.37%  정밀  80.38%  오차  2.51 dB  펄스 0.369  손실 3.0788
    [ 150] 포락  89.82%  정밀  82.47%  오차  1.70 dB  펄스 0.260  손실 2.4192
    [ 199] 포락  91.17%  정밀  83.80%  오차  1.49 dB  펄스 0.261  손실 1.9522
포락 91.17%  정밀 83.80%   평균오차 1.49 dB  (손실 1.9522, 200 회)  [256:87.3 512:85.8 1024:83.8 2048:81.7 4096:80.5]
보정 정밀: 분해 불가 (진단값 100.00, 잔여거리 비율 0.00, 잡음비 1.06, 실현 기준 추정 82.0 %, 시간평균 스펙트럼 -7.8 %)
  * 분산 보정으로 편향을 판별하지 못했다. 하한·합격 판정으로 쓰지 말고 잡음비와 아래 치찰음 지문을 함께 읽을 것.

대역 에너지 (총합 대비 dB)
             0-0k   0-1k   1-2k   2-3k   3-5k   5-8k  8-12k 12-24k
목표        -0.6  -10.6  -18.2  -20.7  -25.1  -23.9  -20.8  -25.6
합성        -0.6  -10.5  -18.4  -21.1  -25.8  -22.4  -22.0  -29.8

치찰음 지문 (목표 -> 합성)
  무게중심    1100 ->    1024 Hz (-76)   봉우리   1594 ->   1594 Hz (+0)
  치찰도     -16.2 ->   -17.0 dB (-0.8)   대역 MAE 2.73 dB   변조 MAE 12.8 %p
  지글거림(마찰  6%, F0 308 Hz)  F0대역  6.73x  60-150  2.13x  150-400  9.96x   대역레벨 -37.4 -> -39.5 dB
  지글거림(유성 84%, F0 293 Hz)  F0대역  2.69x  60-150  2.69x  150-400  2.02x   대역레벨 -52.3 -> -55.1 dB

움직인 파라미터 (초기 중앙값 -> 적합 중앙값)
  p_sub             6.751 ->      4.431
  adduction         0.363 ->      0.927
  rd_offset         0.000 ->      1.408
  tilt              2.000 ->      3.523
  aspiration        1.000 ->      0.192
  jitter            0.004 ->      0.010
  shimmer           0.030 ->      0.005
  f1              541.018 ->    592.576
  bw1              91.087 ->    172.001
  bw2             318.549 ->    133.243
  bw4             358.836 ->    276.551
  tract_gain        1.000 ->      0.849
  fric_gain         1.000 ->    171.429
  back_leak         0.300 ->      0.318
  velum             0.000 ->      0.000
  nasal_damp        1.000 ->      0.857
  nasal_gain        1.000 ->      1.264
  lat_mix           0.050 ->      0.037
  lat_bw          350.000 ->    319.730

결과: out/cont1/s040_target.wav / out/cont1/s040_fit.wav / out/cont1/s040_track.npz
