잡음 제거: 바닥 -9.6 -> -16.5 dB (−6.9 dB), 정점 -20.1 -> -20.2 dB
구간 0.000~1.420 s, 1420 프레임 × 1.0 ms
  1 단계 전역 32 스칼라 (이득 -36.5 dB)
      lr 0.015 -> 손실 5.3133
      lr 0.030 -> 손실 4.7267
      lr 0.050 -> 손실 4.1137
      lr 0.090 -> 손실 3.6142
      -> lr 0.090 선택
    [   0] 포락  -1.47%  정밀 -52.75%  오차 12.13 dB  펄스 1.529  손실 5.9259
    [  50] 포락  51.59%  정밀  32.10%  오차 10.14 dB  펄스 0.480  손실 3.5499
    [ 100] 포락  57.30%  정밀  49.64%  오차  8.86 dB  펄스 0.469  손실 3.1836
    [ 150] 포락  56.61%  정밀  50.66%  오차  8.18 dB  펄스 0.469  손실 3.0640
    [ 199] 포락  56.43%  정밀  50.39%  오차  8.07 dB  펄스 0.469  손실 3.0466
  2.1 단계  격자 20 ms (71 점)  창 (256, 512)
    [   0] 포락  56.43%  정밀  50.39%  오차  8.07 dB  펄스 0.469  손실 3.0466
    [  50] 포락  80.56%  정밀  75.75%  오차  3.78 dB  펄스 0.053  손실 1.3357
    [  99] 포락  82.38%  정밀  77.59%  오차  3.48 dB  펄스 0.039  손실 1.2096
  2.2 단계  격자 10 ms (142 점)  창 (256, 512, 1024)
    [   0] 포락  82.09%  정밀  77.79%  오차  3.55 dB  펄스 0.039  손실 1.2339
    [  50] 포락  85.93%  정밀  81.95%  오차  2.72 dB  펄스 0.196  손실 1.1147
    [  99] 포락  86.46%  정밀  82.16%  오차  2.57 dB  펄스 0.143  손실 1.0134
  2.3 단계  격자 5 ms (284 점)  창 (256, 512, 1024, 2048)
    [   0] 포락  86.42%  정밀  81.25%  오차  2.66 dB  펄스 0.144  손실 1.0442
    [  50] 포락  88.70%  정밀  83.21%  오차  2.15 dB  펄스 0.104  손실 0.8222
    [  99] 포락  89.20%  정밀  83.50%  오차  2.05 dB  펄스 0.094  손실 0.7766
  2.4 단계  격자 1 ms (1420 점)  창 (256, 512, 1024, 2048, 4096)
    [   0] 포락  89.20%  정밀  82.50%  오차  2.05 dB  펄스 0.094  손실 0.7823
    [  50] 포락  91.93%  정밀  84.34%  오차  1.72 dB  펄스 0.081  손실 0.6571
    [  99] 포락  92.37%  정밀  84.72%  오차  1.51 dB  펄스 0.077  손실 0.5870
  3 단계  위상 (가중 3.0, 200 반복)
      lr 0.050 -> 손실 2.7345
      lr 0.120 -> 손실 2.7345
      lr 0.250 -> 손실 2.7345
      -> lr 0.050 선택
    [   0] 포락  92.37%  정밀  84.72%  오차  1.51 dB  펄스 0.077  손실 2.7345
    [  50] 포락  72.74%  정밀  65.40%  오차  3.29 dB  펄스 0.871  손실 5.6331
    [ 100] 포락  80.43%  정밀  73.28%  오차  2.55 dB  펄스 0.329  손실 3.2074
    [ 150] 포락  88.64%  정밀  80.84%  오차  1.69 dB  펄스 0.145  손실 1.8963
    [ 199] 포락  90.08%  정밀  81.76%  오차  1.45 dB  펄스 0.138  손실 1.7321
포락 90.01%  정밀 81.69%   평균오차 1.45 dB  (손실 1.7056, 200 회)  [256:86.1 512:84.5 1024:81.7 2048:79.0 4096:77.2]
보정 정밀: 87.05 % (진단값 87.05, 잔여거리 비율 0.36, 잡음비 1.06, 실현 기준 추정 83.1 %, 시간평균 스펙트럼 76.9 %)

대역 에너지 (총합 대비 dB)
             0-0k   0-1k   1-2k   2-3k   3-5k   5-8k  8-12k 12-24k
목표        -0.6  -10.6  -17.1  -24.6  -22.0  -20.4  -24.2  -34.8
합성        -0.5  -11.1  -17.2  -25.3  -22.1  -20.8  -24.3  -34.8

치찰음 지문 (목표 -> 합성)
  무게중심    2591 ->    2608 Hz (+17)   봉우리   1641 ->   1312 Hz (-328)
  치찰도      -7.8 ->    -8.0 dB (-0.2)   대역 MAE 0.43 dB   변조 MAE 5.0 %p
  지글거림(마찰 15%, F0 248 Hz)  F0대역  3.72x  60-150  1.88x  150-400  3.68x   대역레벨 -40.1 -> -41.2 dB
  지글거림(유성 80%, F0 278 Hz)  F0대역  0.73x  60-150  1.65x  150-400  0.59x   대역레벨 -58.4 -> -60.0 dB

움직인 파라미터 (초기 중앙값 -> 적합 중앙값)
  p_sub             6.196 ->      7.921
  adduction         0.393 ->      0.373
  rd_offset         0.000 ->      0.859
  tilt              2.000 ->      1.152
  aspiration        1.000 ->      0.037
  jitter            0.004 ->      0.009
  shimmer           0.030 ->      0.012
  f1              496.147 ->    470.085
  f4             4806.123 ->   4563.275
  bw1             101.628 ->    121.491
  bw2             245.120 ->     96.747
  bw3             319.260 ->    101.080
  bw4             367.635 ->    118.214
  a_c               3.000 ->      2.545
  fric_gain         1.000 ->     19.259
  back_leak         0.300 ->      0.278
  velum             0.000 ->      0.000
  nasal_gain        1.000 ->      0.843
  lat_bw          350.000 ->    318.245

결과: out/cont1/s101_target.wav / out/cont1/s101_fit.wav / out/cont1/s101_track.npz
