잡음 제거: 바닥 -13.5 -> -24.5 dB (−11.0 dB), 정점 -13.6 -> -13.6 dB
구간 0.000~1.420 s, 1420 프레임 × 1.0 ms
  1 단계 전역 32 스칼라 (이득 -20.4 dB)
      lr 0.015 -> 손실 3.7623
      lr 0.030 -> 손실 3.3632
      lr 0.050 -> 손실 3.2080
      lr 0.090 -> 손실 3.0612
      -> lr 0.090 선택
    [   0] 포락   2.75%  정밀 -60.44%  오차  9.84 dB  펄스 0.967  손실 4.9317
    [  50] 포락  55.28%  정밀  48.05%  오차  6.83 dB  펄스 0.744  손실 2.9994
    [ 100] 포락  58.00%  정밀  54.96%  오차  6.30 dB  펄스 0.742  손실 2.8510
    [ 150] 포락  58.37%  정밀  55.45%  오차  6.30 dB  펄스 0.741  손실 2.8534
    [ 199] 포락  58.48%  정밀  55.55%  오차  6.29 dB  펄스 0.741  손실 2.8502
  2.1 단계  격자 20 ms (71 점)  창 (256, 512)
    [   0] 포락  58.53%  정밀  55.59%  오차  6.28 dB  펄스 0.741  손실 2.8457
    [  50] 포락  84.27%  정밀  81.94%  오차  3.35 dB  펄스 0.132  손실 1.2175
    [  99] 포락  85.20%  정밀  83.08%  오차  3.10 dB  펄스 0.077  손실 1.0862
  2.2 단계  격자 10 ms (142 점)  창 (256, 512, 1024)
    [   0] 포락  82.99%  정밀  80.97%  오차  3.14 dB  펄스 0.077  손실 1.1315
    [  50] 포락  86.85%  정밀  83.15%  오차  2.61 dB  펄스 0.680  손실 1.5424
    [  99] 포락  87.19%  정밀  83.36%  오차  2.50 dB  펄스 0.520  손실 1.3416
  2.3 단계  격자 5 ms (284 점)  창 (256, 512, 1024, 2048)
    [   0] 포락  83.06%  정밀  80.36%  오차  3.15 dB  펄스 0.204  손실 1.2610
    [  50] 포락  88.75%  정밀  85.15%  오차  2.57 dB  펄스 0.125  손실 0.9166
    [  99] 포락  89.29%  정밀  85.87%  오차  2.46 dB  펄스 0.103  손실 0.8494
  2.4 단계  격자 1 ms (1420 점)  창 (256, 512, 1024, 2048, 4096)
    [   0] 포락  89.29%  정밀  84.69%  오차  2.46 dB  펄스 0.103  손실 0.8561
    [  50] 포락  90.77%  정밀  85.98%  오차  2.04 dB  펄스 0.084  손실 0.7187
    [  99] 포락  91.49%  정밀  86.50%  오차  1.92 dB  펄스 0.079  손실 0.6713
  3 단계  위상 (가중 3.0, 200 반복)
      lr 0.050 -> 손실 3.5665
      lr 0.120 -> 손실 4.3597
      lr 0.250 -> 손실 4.3597
      -> lr 0.050 선택
    [   0] 포락  91.49%  정밀  86.50%  오차  1.92 dB  펄스 0.079  손실 4.3597
    [  50] 포락  89.12%  정밀  81.76%  오차  2.14 dB  펄스 0.388  손실 3.4417
    [ 100] 포락  92.09%  정밀  84.15%  오차  1.85 dB  펄스 0.302  손실 2.4446
    [ 150] 포락  92.33%  정밀  84.22%  오차  1.74 dB  펄스 0.340  손실 2.4880
    [ 199] 포락  93.04%  정밀  84.92%  오차  1.66 dB  펄스 0.301  손실 2.0336
포락 93.04%  정밀 84.92%   평균오차 1.66 dB  (손실 2.0336, 200 회)  [256:89.8 512:88.3 1024:85.4 2048:82.2 4096:78.9]
보정 정밀: 분해 불가 (진단값 96.50, 잔여거리 비율 0.08, 잡음비 1.05, 실현 기준 추정 83.9 %, 시간평균 스펙트럼 71.9 %)
  * 분산 보정으로 편향을 판별하지 못했다. 하한·합격 판정으로 쓰지 말고 잡음비와 아래 치찰음 지문을 함께 읽을 것.

대역 에너지 (총합 대비 dB)
             0-0k   0-1k   1-2k   2-3k   3-5k   5-8k  8-12k 12-24k
목표        -0.6  -10.6  -18.2  -20.7  -25.1  -23.9  -20.8  -25.6
합성        -0.6  -10.6  -18.3  -21.2  -25.7  -24.0  -21.5  -25.4

치찰음 지문 (목표 -> 합성)
  무게중심    1100 ->    1065 Hz (-35)   봉우리   1594 ->   1594 Hz (+0)
  치찰도     -16.2 ->   -16.7 dB (-0.5)   대역 MAE 0.48 dB   변조 MAE 9.2 %p
  지글거림(마찰 10%, F0 308 Hz)  F0대역  2.79x  60-150  2.46x  150-400  6.38x   대역레벨 -39.1 -> -40.2 dB
  지글거림(유성 87%, F0 286 Hz)  F0대역  2.24x  60-150  1.47x  150-400  2.06x   대역레벨 -53.0 -> -55.0 dB

움직인 파라미터 (초기 중앙값 -> 적합 중앙값)
  p_sub             6.751 ->      7.332
  adduction         0.363 ->      0.446
  rd_offset         0.000 ->      1.195
  tilt              2.000 ->      4.029
  aspiration        1.000 ->      0.234
  jitter            0.004 ->      0.010
  shimmer           0.030 ->      0.010
  f1              541.018 ->    618.157
  bw1              91.087 ->    147.781
  bw2             318.549 ->    237.526
  bw3             273.772 ->    390.095
  bw4             425.913 ->   1834.524
  tract_gain        1.000 ->      0.842
  fric_gain         1.000 ->      6.992
  back_leak         0.300 ->      0.345
  nasal_damp        1.000 ->      0.713
  nasal_gain        1.000 ->      5.116
  lat_bw          350.000 ->    385.410

결과: out/L0/s040_target.wav / out/L0/s040_fit.wav / out/L0/s040_track.npz
