잡음 제거: 바닥 -9.6 -> -16.5 dB (−6.9 dB), 정점 -20.1 -> -20.2 dB
구간 0.000~1.420 s, 1420 프레임 × 1.0 ms
  1 단계 전역 32 스칼라 (이득 -29.3 dB)
      lr 0.015 -> 손실 4.4291
      lr 0.030 -> 손실 4.0140
      lr 0.050 -> 손실 3.6319
      lr 0.090 -> 손실 3.1708
      -> lr 0.090 선택
    [   0] 포락  17.00%  정밀 -16.10%  오차 10.11 dB  펄스 1.529  손실 5.1399
    [  50] 포락  57.40%  정밀  47.92%  오차  8.87 dB  펄스 0.478  손실 3.1247
    [ 100] 포락  56.08%  정밀  51.22%  오차  8.44 dB  펄스 0.469  손실 3.0378
    [ 150] 포락  54.78%  정밀  51.36%  오차  7.90 dB  펄스 0.469  손실 2.9555
    [ 199] 포락  55.20%  정밀  51.64%  오차  7.87 dB  펄스 0.469  손실 2.9455
  2.1 단계  격자 20 ms (71 점)  창 (256, 512)
    [   0] 포락  55.20%  정밀  51.64%  오차  7.87 dB  펄스 0.469  손실 2.9455
    [  50] 포락  79.87%  정밀  75.92%  오차  4.13 dB  펄스 0.015  손실 1.3263
    [  99] 포락  81.17%  정밀  77.03%  오차  3.90 dB  펄스 0.014  손실 1.2453
  2.2 단계  격자 10 ms (142 점)  창 (256, 512, 1024)
    [   0] 포락  80.97%  정밀  77.95%  오차  3.93 dB  펄스 0.014  손실 1.2541
    [  50] 포락  84.25%  정밀  81.47%  오차  3.23 dB  펄스 0.015  손실 1.0221
    [  99] 포락  85.17%  정밀  82.35%  오차  3.05 dB  펄스 0.012  손실 0.9588
  2.3 단계  격자 5 ms (284 점)  창 (256, 512, 1024, 2048)
    [   0] 포락  85.07%  정밀  81.84%  오차  3.09 dB  펄스 0.012  손실 0.9758
    [  50] 포락  86.99%  정밀  83.03%  오차  2.68 dB  펄스 0.044  손실 0.8799
    [  99] 포락  87.64%  정밀  83.82%  오차  2.58 dB  펄스 0.025  손실 0.8211
  2.4 단계  격자 1 ms (1420 점)  창 (256, 512, 1024, 2048, 4096)
    [   0] 포락  87.64%  정밀  82.79%  오차  2.58 dB  펄스 0.025  손실 0.8269
    [  50] 포락  90.82%  정밀  84.94%  오차  2.16 dB  펄스 0.018  손실 0.6826
    [  99] 포락  91.45%  정밀  85.30%  오차  2.05 dB  펄스 0.016  손실 0.6457
  3 단계  위상 (가중 3.0, 200 반복)
      lr 0.050 -> 손실 2.6632
      lr 0.120 -> 손실 2.6632
      lr 0.250 -> 손실 2.6632
      -> lr 0.050 선택
    [   0] 포락  91.45%  정밀  85.30%  오차  2.05 dB  펄스 0.016  손실 2.6632
    [  50] 포락  82.60%  정밀  64.38%  오차  2.06 dB  펄스 0.780  손실 4.2059
    [ 100] 포락  82.34%  정밀  67.65%  오차  1.90 dB  펄스 0.703  손실 3.5517
    [ 150] 포락  87.03%  정밀  72.30%  오차  1.65 dB  펄스 0.603  손실 2.6199
    [ 199] 포락  87.16%  정밀  73.00%  오차  1.61 dB  펄스 0.594  손실 2.5279
포락 87.18%  정밀 73.00%   평균오차 1.61 dB  (손실 2.5221, 200 회)  [256:83.6 512:80.0 1024:73.4 2048:65.8 4096:62.1]
보정 정밀: 76.67 % (진단값 76.67, 잔여거리 비율 0.58, 잡음비 1.23, 실현 기준 추정 81.9 %, 시간평균 스펙트럼 75.7 %)

대역 에너지 (총합 대비 dB)
             0-0k   0-1k   1-2k   2-3k   3-5k   5-8k  8-12k 12-24k
목표        -0.6  -10.6  -17.1  -24.6  -22.0  -20.4  -24.2  -34.8
합성        -0.6  -10.9  -17.0  -24.7  -22.5  -20.7  -24.7  -34.1

치찰음 지문 (목표 -> 합성)
  무게중심    2591 ->    2526 Hz (-65)   봉우리   1641 ->   1266 Hz (-375)
  치찰도      -7.8 ->    -8.5 dB (-0.7)   대역 MAE 0.38 dB   변조 MAE 7.6 %p
  지글거림(마찰 18%, F0 264 Hz)  F0대역  3.84x  60-150  2.84x  150-400  5.12x   대역레벨 -41.1 -> -42.3 dB
  지글거림(유성 72%, F0 287 Hz)  F0대역  1.17x  60-150  1.80x  150-400  1.17x   대역레벨 -59.1 -> -60.6 dB

움직인 파라미터 (초기 중앙값 -> 적합 중앙값)
  p_sub             6.196 ->      9.643
  adduction         0.393 ->      0.206
  rd_offset         0.000 ->      1.328
  tilt              2.000 ->      3.326
  aspiration        1.000 ->      0.201
  jitter            0.004 ->      0.009
  shimmer           0.030 ->      0.002
  bw1             101.628 ->     79.898
  bw2             245.120 ->    119.836
  bw3             319.260 ->    180.939
  bw4             435.135 ->    991.618
  a_c               3.000 ->      1.721
  fric_gain         1.000 ->      6.815
  back_leak         0.300 ->      0.217
  front_len         0.921 ->      0.780
  velum             0.000 ->      0.000
  nasal_damp        1.000 ->      0.697
  nasal_gain        1.000 ->      5.925
  lat_mix           0.050 ->      0.069
  lat_bw          350.000 ->    490.651

결과: out/L0/s101_target.wav / out/L0/s101_fit.wav / out/L0/s101_track.npz
