잡음 제거: 바닥 -13.5 -> -24.5 dB (−11.0 dB), 정점 -13.6 -> -13.6 dB
구간 0.000~1.420 s, 1420 프레임 × 1.0 ms
  1 단계 전역 32 스칼라 (이득 -39.2 dB)
      lr 0.015 -> 손실 5.0301
      lr 0.030 -> 손실 4.5371
      lr 0.050 -> 손실 4.1355
      lr 0.090 -> 손실 3.8291
      -> lr 0.090 선택
    [   0] 포락  -6.00%  정밀 -48.84%  오차 13.57 dB  펄스 0.967  손실 5.7464
    [  50] 포락  38.35%  정밀  11.10%  오차  7.85 dB  펄스 0.745  손실 3.6558
    [ 100] 포락  56.00%  정밀  48.33%  오차  6.47 dB  펄스 0.742  손실 3.0417
    [ 150] 포락  60.24%  정밀  55.77%  오차  6.10 dB  펄스 0.742  손실 2.8527
    [ 199] 포락  61.15%  정밀  56.64%  오차  6.04 dB  펄스 0.742  손실 2.8204
  2.1 단계  격자 20 ms (71 점)  창 (256, 512)
    [   0] 포락  61.14%  정밀  56.59%  오차  6.03 dB  펄스 0.742  손실 2.8181
    [  50] 포락  81.43%  정밀  74.70%  오차  3.05 dB  펄스 0.941  손실 2.0631
    [  99] 포락  82.68%  정밀  76.14%  오차  2.77 dB  펄스 0.814  손실 1.8582
  2.2 단계  격자 10 ms (142 점)  창 (256, 512, 1024)
    [   0] 포락  82.48%  정밀  70.57%  오차  2.84 dB  펄스 0.816  손실 1.9041
    [  50] 포락  83.57%  정밀  70.47%  오차  2.45 dB  펄스 0.811  손실 1.7588
    [  99] 포락  83.96%  정밀  70.98%  오차  2.36 dB  펄스 0.748  손실 1.6613
  2.3 단계  격자 5 ms (284 점)  창 (256, 512, 1024, 2048)
    [   0] 포락  83.83%  정밀  63.59%  오차  2.40 dB  펄스 0.750  손실 1.7228
    [  50] 포락  85.50%  정밀  65.69%  오차  2.13 dB  펄스 0.686  손실 1.5032
    [  99] 포락  85.82%  정밀  66.35%  오차  2.07 dB  펄스 0.671  손실 1.4596
  2.4 단계  격자 1 ms (1420 점)  창 (256, 512, 1024, 2048, 4096)
    [   0] 포락  85.82%  정밀  60.67%  오차  2.07 dB  펄스 0.671  손실 1.4887
    [  50] 포락  85.83%  정밀  61.58%  오차  1.62 dB  펄스 0.718  손실 1.4492
    [  99] 포락  86.50%  정밀  62.21%  오차  1.43 dB  펄스 0.707  손실 1.3686
  3 단계  위상 (가중 3.0, 200 반복)
      lr 0.050 -> 손실 4.6842
      lr 0.120 -> 손실 4.8328
      lr 0.250 -> 손실 5.1679
      -> lr 0.050 선택
    [   0] 포락  86.50%  정밀  62.21%  오차  1.43 dB  펄스 0.707  손실 5.1679
    [  50] 포락  78.71%  정밀  59.98%  오차  2.77 dB  펄스 0.919  손실 4.8414
    [ 100] 포락  81.74%  정밀  65.88%  오차  2.15 dB  펄스 0.736  손실 3.8483
    [ 150] 포락  82.21%  정밀  67.37%  오차  1.87 dB  펄스 0.733  손실 3.5318
    [ 199] 포락  82.86%  정밀  68.22%  오차  1.56 dB  펄스 0.721  손실 3.0212
포락 82.86%  정밀 68.21%   평균오차 1.56 dB  (손실 3.0129, 200 회)  [256:79.0 512:75.1 1024:68.0 2048:60.6 4096:58.4]
보정 정밀: 70.84 % (진단값 70.84, 잔여거리 비율 0.73, 잡음비 1.25, 실현 기준 추정 83.5 %, 시간평균 스펙트럼 -7.5 %)

대역 에너지 (총합 대비 dB)
             0-0k   0-1k   1-2k   2-3k   3-5k   5-8k  8-12k 12-24k
목표        -0.6  -10.6  -18.2  -20.7  -25.1  -23.9  -20.8  -25.6
합성        -0.7   -9.4  -18.7  -21.0  -25.4  -22.2  -21.5  -29.3

치찰음 지문 (목표 -> 합성)
  무게중심    1100 ->    1012 Hz (-88)   봉우리   1594 ->   1594 Hz (+0)
  치찰도     -16.2 ->   -17.0 dB (-0.8)   대역 MAE 2.84 dB   변조 MAE 11.9 %p
  지글거림(마찰  5%, F0 341 Hz)  F0대역  7.12x  60-150  1.52x  150-400 14.53x   대역레벨 -37.5 -> -40.2 dB
  지글거림(유성 84%, F0 321 Hz)  F0대역  2.25x  60-150  1.47x  150-400  2.04x   대역레벨 -52.2 -> -55.5 dB

움직인 파라미터 (초기 중앙값 -> 적합 중앙값)
  p_sub             6.751 ->      4.810
  adduction         0.363 ->      0.902
  f0_target       298.183 ->    323.341
  rd_offset         0.000 ->      1.384
  tilt              2.000 ->      3.002
  aspiration        1.000 ->      0.236
  jitter            0.004 ->      0.010
  shimmer           0.030 ->      0.002
  f1              541.018 ->    597.045
  f4             4440.345 ->   4179.764
  bw1              91.087 ->    131.862
  bw2             318.549 ->    106.525
  bw3             269.342 ->    293.190
  bw4             358.836 ->    253.695
  tract_gain        1.000 ->      0.779
  fric_gain         1.000 ->    137.874
  back_leak         0.300 ->      0.340
  velum             0.000 ->      0.000
  nasal_damp        1.000 ->      1.087
  nasal_gain        1.000 ->      0.872
  lat_mix           0.050 ->      0.038
  lat_bw          350.000 ->    331.550

결과: out/lad/s040_target.wav / out/lad/s040_fit.wav / out/lad/s040_track.npz
