잡음 제거: 바닥 -9.6 -> -16.5 dB (−6.9 dB), 정점 -20.1 -> -20.2 dB
구간 0.000~1.420 s, 1420 프레임 × 1.0 ms
  1 단계 전역 32 스칼라 (이득 -36.5 dB)
      lr 0.015 -> 손실 5.2946
      lr 0.030 -> 손실 4.7095
      lr 0.050 -> 손실 4.0979
      lr 0.090 -> 손실 3.5994
      -> lr 0.090 선택
    [   0] 포락  -1.47%  정밀 -52.75%  오차 12.13 dB  펄스 1.529  손실 5.9096
    [  50] 포락  51.30%  정밀  31.86%  오차 10.13 dB  펄스 0.480  손실 3.5369
    [ 100] 포락  57.39%  정밀  49.42%  오차  8.85 dB  펄스 0.469  손실 3.1630
    [ 150] 포락  56.71%  정밀  50.59%  오차  8.17 dB  펄스 0.469  손실 3.0448
    [ 199] 포락  56.48%  정밀  50.31%  오차  8.07 dB  펄스 0.469  손실 3.0280
  2.1 단계  격자 20 ms (71 점)  창 (256, 512)
    [   0] 포락  56.48%  정밀  50.30%  오차  8.07 dB  펄스 0.469  손실 3.0278
    [  50] 포락  81.18%  정밀  76.63%  오차  3.54 dB  펄스 0.056  손실 1.2606
    [  99] 포락  82.65%  정밀  77.96%  오차  3.21 dB  펄스 0.036  손실 1.1363
  2.2 단계  격자 10 ms (142 점)  창 (256, 512, 1024)
    [   0] 포락  82.32%  정밀  78.04%  오차  3.30 dB  펄스 0.037  손실 1.1722
    [  50] 포락  86.59%  정밀  82.33%  오차  2.47 dB  펄스 0.028  손실 0.8839
    [  99] 포락  87.63%  정밀  83.32%  오차  2.33 dB  펄스 0.023  손실 0.8245
  2.3 단계  격자 5 ms (284 점)  창 (256, 512, 1024, 2048)
    [   0] 포락  87.57%  정밀  82.41%  오차  2.41 dB  펄스 0.024  손실 0.8510
    [  50] 포락  88.80%  정밀  83.95%  오차  1.94 dB  펄스 0.105  손실 0.7772
    [  99] 포락  89.85%  정밀  84.64%  오차  1.83 dB  펄스 0.084  손실 0.7110
  2.4 단계  격자 1 ms (1420 점)  창 (256, 512, 1024, 2048, 4096)
    [   0] 포락  89.85%  정밀  83.56%  오차  1.83 dB  펄스 0.084  손실 0.7171
    [  50] 포락  92.36%  정밀  85.43%  오차  1.57 dB  펄스 0.067  손실 0.6058
    [  99] 포락  93.14%  정밀  85.94%  오차  1.32 dB  펄스 0.064  손실 0.5212
  3 단계  위상 (가중 3.0, 200 반복)
      lr 0.050 -> 손실 2.4835
      lr 0.120 -> 손실 2.4835
      lr 0.250 -> 손실 2.4835
      -> lr 0.050 선택
    [   0] 포락  93.14%  정밀  85.94%  오차  1.32 dB  펄스 0.064  손실 2.4835
    [  50] 포락  82.32%  정밀  75.71%  오차  3.18 dB  펄스 0.345  손실 3.5277
    [ 100] 포락  90.95%  정밀  83.96%  오차  2.31 dB  펄스 0.204  손실 2.0526
    [ 150] 포락  93.01%  정밀  86.25%  오차  1.62 dB  펄스 0.182  손실 1.6350
    [ 199] 포락  93.51%  정밀  86.72%  오차  1.35 dB  펄스 0.170  손실 1.4474
포락 93.50%  정밀 86.70%   평균오차 1.36 dB  (손실 1.4438, 200 회)  [256:90.3 512:89.0 1024:87.0 2048:84.5 4096:82.7]
보정 정밀: 분해 불가 (진단값 99.37, 잔여거리 비율 0.00, 잡음비 1.03, 실현 기준 추정 83.2 %, 시간평균 스펙트럼 78.4 %)
  * 분산 보정으로 편향을 판별하지 못했다. 하한·합격 판정으로 쓰지 말고 잡음비와 아래 치찰음 지문을 함께 읽을 것.

대역 에너지 (총합 대비 dB)
             0-0k   0-1k   1-2k   2-3k   3-5k   5-8k  8-12k 12-24k
목표        -0.6  -10.6  -17.1  -24.6  -22.0  -20.4  -24.2  -34.8
합성        -0.6  -11.0  -17.1  -25.2  -22.0  -20.8  -24.3  -34.8

치찰음 지문 (목표 -> 합성)
  무게중심    2591 ->    2589 Hz (-2)   봉우리   1641 ->   1688 Hz (+47)
  치찰도      -7.8 ->    -7.9 dB (-0.2)   대역 MAE 0.35 dB   변조 MAE 5.8 %p
  지글거림(마찰 15%, F0 247 Hz)  F0대역  3.99x  60-150  2.27x  150-400  4.99x   대역레벨 -40.2 -> -41.3 dB
  지글거림(유성 79%, F0 277 Hz)  F0대역  0.62x  60-150  1.87x  150-400  0.63x   대역레벨 -58.5 -> -59.9 dB

움직인 파라미터 (초기 중앙값 -> 적합 중앙값)
  p_sub             6.196 ->      8.846
  rd_offset         0.000 ->      0.764
  tilt              2.000 ->      1.340
  aspiration        1.000 ->      0.036
  jitter            0.004 ->      0.009
  shimmer           0.030 ->      0.008
  bw2             245.120 ->    100.088
  bw3             319.260 ->    111.387
  bw4             367.635 ->    143.216
  tract_gain        1.000 ->      0.949
  a_c               3.000 ->      2.709
  fric_gain         1.000 ->     19.755
  back_leak         0.300 ->      0.260
  velum             0.000 ->      0.000
  nasal_damp        1.000 ->      0.929
  nasal_gain        1.000 ->      0.859
  lat_mix           0.050 ->      0.057
  lat_bw          350.000 ->    303.523

결과: out/lad/s101_target.wav / out/lad/s101_fit.wav / out/lad/s101_track.npz
