잡음 제거: 바닥 -13.5 -> -24.5 dB (−11.0 dB), 정점 -13.6 -> -13.6 dB
구간 0.000~1.420 s, 1420 프레임 × 1.0 ms
  1 단계 전역 32 스칼라 (이득 -20.4 dB)
      lr 0.015 -> 손실 11.1007
      lr 0.030 -> 손실 10.2378
      lr 0.050 -> 손실 9.7586
      lr 0.090 -> 손실 9.3533
      -> lr 0.090 선택
    [   0] 포락   2.75%  정밀 -60.44%  오차  9.84 dB  펄스 0.967  손실 13.5602
    [  50] 포락  49.18%  정밀  41.95%  오차  6.66 dB  펄스 0.743  손실 9.0110
    [ 100] 포락  50.06%  정밀  47.87%  오차  6.48 dB  펄스 0.741  손실 8.7604
    [ 150] 포락  50.19%  정밀  48.14%  오차  6.27 dB  펄스 0.741  손실 8.7167
    [ 199] 포락  50.20%  정밀  48.15%  오차  6.27 dB  펄스 0.741  손실 8.7153
  2.1 단계  격자 20 ms (71 점)  창 (256, 512)
    [   0] 포락  50.20%  정밀  48.15%  오차  6.27 dB  펄스 0.741  손실 8.7153
    [  50] 포락  81.26%  정밀  78.43%  오차  3.89 dB  펄스 0.344  손실 2.5342
    [  99] 포락  82.26%  정밀  79.83%  오차  3.60 dB  펄스 0.284  손실 2.2046
  2.2 단계  격자 10 ms (142 점)  창 (256, 512, 1024)
    [   0] 포락  82.08%  정밀  79.26%  오차  3.61 dB  펄스 0.284  손실 2.2478
    [  50] 포락  84.62%  정밀  81.14%  오차  3.15 dB  펄스 0.411  손실 2.3239
    [  99] 포락  85.88%  정밀  82.29%  오차  3.03 dB  펄스 0.378  손실 1.9717
  2.3 단계  격자 5 ms (284 점)  창 (256, 512, 1024, 2048)
    [   0] 포락  85.85%  정밀  81.44%  오차  3.06 dB  펄스 0.379  손실 2.0515
    [  50] 포락  86.54%  정밀  82.76%  오차  2.72 dB  펄스 0.355  손실 1.6614
    [  99] 포락  86.95%  정밀  83.30%  오차  2.60 dB  펄스 0.336  손실 1.5487
  2.4 단계  격자 1 ms (1420 점)  창 (256, 512, 1024, 2048, 4096)
    [   0] 포락  86.95%  정밀  82.83%  오차  2.60 dB  펄스 0.336  손실 1.5519
    [  50] 포락  88.63%  정밀  84.69%  오차  2.29 dB  펄스 0.344  손실 1.4147
    [  99] 포락  89.27%  정밀  85.29%  오차  2.13 dB  펄스 0.336  손실 1.3282
  3 단계  위상 (가중 3.0, 200 반복)
      lr 0.050 -> 손실 3.0642
      lr 0.120 -> 손실 3.0642
      lr 0.250 -> 손실 3.0642
      -> lr 0.050 선택
    [   0] 포락  89.27%  정밀  85.29%  오차  2.13 dB  펄스 0.336  손실 3.0642
    [  50] 포락  64.74%  정밀  58.40%  오차  2.91 dB  펄스 0.885  손실 7.3597
    [ 100] 포락  68.56%  정밀  65.15%  오차  2.47 dB  펄스 0.801  손실 4.7781
    [ 150] 포락  72.58%  정밀  69.04%  오차  2.33 dB  펄스 0.778  손실 4.4940
    [ 199] 포락  74.42%  정밀  70.95%  오차  2.21 dB  펄스 0.753  손실 3.6700
포락 89.27%  정밀 85.29%   평균오차 2.13 dB  (손실 3.0642, 200 회)  [256:87.0 512:86.9 1024:85.3 2048:84.0 4096:83.2]
보정 정밀: 87.04 % (진단값 87.04, 잔여거리 비율 0.61, 잡음비 0.98, 실현 기준 추정 89.7 %, 시간평균 스펙트럼 72.9 %)

대역 에너지 (총합 대비 dB)
             0-0k   0-1k   1-2k   2-3k   3-5k   5-8k  8-12k 12-24k
목표        -0.6  -10.6  -18.2  -20.7  -25.1  -23.9  -20.8  -25.6
합성        -0.5  -10.9  -18.5  -22.1  -25.7  -24.0  -21.6  -25.5

치찰음 지문 (목표 -> 합성)
  무게중심    1100 ->    1048 Hz (-52)   봉우리   1594 ->   1594 Hz (+0)
  치찰도     -16.2 ->   -17.0 dB (-0.8)   대역 MAE 0.67 dB   변조 MAE 7.5 %p
  지글거림(마찰 11%, F0 305 Hz)  F0대역  2.17x  60-150  1.71x  150-400  4.72x   대역레벨 -39.4 -> -40.2 dB
  지글거림(유성 86%, F0 291 Hz)  F0대역  1.84x  60-150  2.15x  150-400  1.67x   대역레벨 -53.0 -> -55.2 dB

움직인 파라미터 (초기 중앙값 -> 적합 중앙값)
  p_sub             6.751 ->     10.315
  adduction         0.363 ->      0.714
  rd_offset         0.000 ->      1.203
  tilt              2.000 ->      5.235
  aspiration        1.000 ->      0.243
  jitter            0.004 ->      0.010
  shimmer           0.030 ->      0.012
  f2             1821.795 ->   1949.899
  f3             3136.901 ->   3373.857
  bw1              91.087 ->    144.791
  bw2             318.549 ->    254.381
  bw3             273.772 ->    386.442
  bw4             425.913 ->   2294.104
  tract_gain        1.000 ->      0.787
  fric_gain         1.000 ->      8.059
  back_leak         0.300 ->      0.425
  nasal_damp        1.000 ->      0.732
  nasal_gain        1.000 ->      2.068
  lat_mix           0.050 ->      0.045

결과: out/L4/s040_target.wav / out/L4/s040_fit.wav / out/L4/s040_track.npz
