잡음 제거: 바닥 -9.6 -> -16.5 dB (−6.9 dB), 정점 -20.1 -> -20.2 dB
구간 0.000~1.420 s, 1420 프레임 × 1.0 ms
  1 단계 전역 32 스칼라 (이득 -29.3 dB)
      lr 0.015 -> 손실 9.4656
      lr 0.030 -> 손실 8.5094
      lr 0.050 -> 손실 7.7744
      lr 0.090 -> 손실 7.0568
      -> lr 0.090 선택
    [   0] 포락  17.00%  정밀 -16.10%  오차 10.11 dB  펄스 1.529  손실 11.4412
    [  50] 포락  35.37%  정밀  33.40%  오차 11.59 dB  펄스 0.479  손실 6.9950
    [ 100] 포락  40.22%  정밀  36.87%  오차 11.30 dB  펄스 0.470  손실 6.8340
    [ 150] 포락  40.74%  정밀  38.07%  오차 10.96 dB  펄스 0.470  손실 6.7456
    [ 199] 포락  40.71%  정밀  38.11%  오차 10.86 dB  펄스 0.470  손실 6.7302
  2.1 단계  격자 20 ms (71 점)  창 (256, 512)
    [   0] 포락  40.71%  정밀  38.11%  오차 10.86 dB  펄스 0.470  손실 6.7302
    [  50] 포락  77.48%  정밀  72.41%  오차  6.77 dB  펄스 0.173  손실 2.9571
    [  99] 포락  79.57%  정밀  75.61%  오차  5.91 dB  펄스 0.084  손실 2.2021
  2.2 단계  격자 10 ms (142 점)  창 (256, 512, 1024)
    [   0] 포락  79.47%  정밀  74.75%  오차  6.00 dB  펄스 0.085  손실 2.3130
    [  50] 포락  81.54%  정밀  77.22%  오차  4.87 dB  펄스 0.186  손실 2.1637
    [  99] 포락  83.23%  정밀  78.71%  오차  4.52 dB  펄스 0.155  손실 1.9376
  2.3 단계  격자 5 ms (284 점)  창 (256, 512, 1024, 2048)
    [   0] 포락  83.22%  정밀  77.79%  오차  4.61 dB  펄스 0.155  손실 2.0051
    [  50] 포락  85.85%  정밀  80.30%  오차  3.70 dB  펄스 0.129  손실 1.5881
    [  99] 포락  86.37%  정밀  81.09%  오차  3.53 dB  펄스 0.114  손실 1.4852
  2.4 단계  격자 1 ms (1420 점)  창 (256, 512, 1024, 2048, 4096)
    [   0] 포락  86.37%  정밀  80.25%  오차  3.53 dB  펄스 0.114  손실 1.4901
    [  50] 포락  89.55%  정밀  83.28%  오차  2.92 dB  펄스 0.108  손실 1.2591
    [  99] 포락  90.43%  정밀  84.13%  오차  2.68 dB  펄스 0.104  손실 1.1721
  3 단계  위상 (가중 3.0, 200 반복)
      lr 0.050 -> 손실 2.6470
      lr 0.120 -> 손실 2.6470
      lr 0.250 -> 손실 2.6470
      -> lr 0.050 선택
    [   0] 포락  90.43%  정밀  84.13%  오차  2.68 dB  펄스 0.104  손실 2.6470
    [  50] 포락  56.94%  정밀  30.86%  오차  3.81 dB  펄스 1.026  손실 12.8711
    [ 100] 포락  58.90%  정밀  52.72%  오차  3.03 dB  펄스 0.830  손실 5.6572
    [ 150] 포락  68.28%  정밀  61.29%  오차  2.69 dB  펄스 0.820  손실 4.5845
    [ 199] 포락  70.61%  정밀  63.07%  오차  2.60 dB  펄스 0.817  손실 4.3073
포락 90.43%  정밀 84.13%   평균오차 2.68 dB  (손실 2.6470, 200 회)  [256:86.6 512:86.4 1024:84.7 2048:82.4 4096:80.5]
보정 정밀: 87.71 % (진단값 87.71, 잔여거리 비율 0.42, 잡음비 0.99, 실현 기준 추정 85.6 %, 시간평균 스펙트럼 76.8 %)

대역 에너지 (총합 대비 dB)
             0-0k   0-1k   1-2k   2-3k   3-5k   5-8k  8-12k 12-24k
목표        -0.6  -10.6  -17.1  -24.6  -22.0  -20.4  -24.2  -34.8
합성        -0.5  -11.1  -16.9  -25.1  -24.2  -21.0  -25.0  -35.0

치찰음 지문 (목표 -> 합성)
  무게중심    2591 ->    2484 Hz (-107)   봉우리   1641 ->   1125 Hz (-516)
  치찰도      -7.8 ->    -8.5 dB (-0.7)   대역 MAE 0.75 dB   변조 MAE 8.9 %p
  지글거림(마찰 16%, F0 242 Hz)  F0대역  5.08x  60-150  3.24x  150-400  6.87x   대역레벨 -40.3 -> -41.7 dB
  지글거림(유성 81%, F0 272 Hz)  F0대역  1.01x  60-150  1.47x  150-400  0.98x   대역레벨 -58.3 -> -60.6 dB

움직인 파라미터 (초기 중앙값 -> 적합 중앙값)
  p_sub             6.196 ->      8.516
  adduction         0.393 ->      0.756
  rd_offset         0.000 ->      0.618
  tilt              2.000 ->      1.026
  aspiration        1.000 ->      0.102
  jitter            0.004 ->      0.010
  shimmer           0.030 ->      0.003
  f4             4806.123 ->   5073.150
  bw1             101.628 ->    109.231
  bw2             245.120 ->    166.361
  bw3             319.260 ->    136.390
  bw4             435.135 ->   1196.428
  fric_gain         1.000 ->     40.990
  nasal_damp        1.000 ->      0.694
  nasal_gain        1.000 ->      2.738
  lat_mix           0.050 ->      0.040
  lat_bw          350.000 ->    326.655

결과: out/L4/s101_target.wav / out/L4/s101_fit.wav / out/L4/s101_track.npz
