잡음 제거: 바닥 -13.5 -> -24.5 dB (−11.0 dB), 정점 -13.6 -> -13.6 dB
구간 0.000~1.420 s, 1420 프레임 × 1.0 ms
  1 단계 전역 32 스칼라 (이득 -20.4 dB)
      lr 0.015 -> 손실 6.5633
      lr 0.030 -> 손실 5.9508
      lr 0.050 -> 손실 5.6762
      lr 0.090 -> 손실 5.4375
      -> lr 0.090 선택
    [   0] 포락   2.75%  정밀 -60.44%  오차  9.84 dB  펄스 0.967  손실 8.3831
    [  50] 포락  50.31%  정밀  46.47%  오차  6.66 dB  펄스 0.743  손실 5.3458
    [ 100] 포락  51.05%  정밀  49.15%  오차  6.36 dB  펄스 0.742  손실 5.2203
    [ 150] 포락  52.02%  정밀  50.16%  오차  6.26 dB  펄스 0.741  손실 5.1861
    [ 199] 포락  52.54%  정밀  50.65%  오차  6.23 dB  펄스 0.741  손실 5.1719
  2.1 단계  격자 20 ms (71 점)  창 (256, 512)
    [   0] 포락  52.54%  정밀  50.65%  오차  6.23 dB  펄스 0.741  손실 5.1719
    [  50] 포락  82.14%  정밀  79.74%  오차  3.63 dB  펄스 0.213  손실 1.9303
    [  99] 포락  82.90%  정밀  80.61%  오차  3.29 dB  펄스 0.152  손실 1.6605
  2.2 단계  격자 10 ms (142 점)  창 (256, 512, 1024)
    [   0] 포락  82.22%  정밀  79.67%  오차  3.35 dB  펄스 0.152  손실 1.6862
    [  50] 포락  81.39%  정밀  79.00%  오차  2.87 dB  펄스 0.373  손실 1.8889
    [  99] 포락  81.46%  정밀  78.83%  오차  2.76 dB  펄스 0.305  손실 1.6839
  2.3 단계  격자 5 ms (284 점)  창 (256, 512, 1024, 2048)
    [   0] 포락  81.28%  정밀  77.48%  오차  2.78 dB  펄스 0.304  손실 1.7124
    [  50] 포락  82.97%  정밀  77.52%  오차  2.51 dB  펄스 0.312  손실 1.6472
    [  99] 포락  83.03%  정밀  77.71%  오차  2.44 dB  펄스 0.303  손실 1.5546
  2.4 단계  격자 1 ms (284 점)  창 (256, 512, 1024, 2048, 4096)
    [   0] 포락  83.03%  정밀  75.59%  오차  2.44 dB  펄스 0.303  손실 1.5652
    [  50] 포락  82.91%  정밀  76.19%  오차  2.38 dB  펄스 0.343  손실 1.5421
    [  99] 포락  83.33%  정밀  76.69%  오차  2.31 dB  펄스 0.317  손실 1.4528
  3 단계  위상 (가중 3.0, 200 반복)
      lr 0.050 -> 손실 3.6319
      lr 0.120 -> 손실 3.6319
      lr 0.250 -> 손실 3.6319
      -> lr 0.050 선택
    [   0] 포락  83.33%  정밀  76.69%  오차  2.31 dB  펄스 0.317  손실 3.6319
    [  50] 포락  82.27%  정밀  78.42%  오차  2.27 dB  펄스 0.306  손실 3.8757
    [ 100] 포락  82.95%  정밀  79.44%  오차  2.18 dB  펄스 0.810  손실 5.0854
    [ 150] 포락  83.08%  정밀  79.81%  오차  2.14 dB  펄스 0.314  손실 3.0888
    [ 199] 포락  83.45%  정밀  80.21%  오차  2.13 dB  펄스 0.286  손실 2.8205
포락 83.45%  정밀 80.21%   평균오차 2.13 dB  (손실 2.8205, 200 회)  [256:82.2 512:82.3 1024:80.5 2048:78.6 4096:77.4]
보정 정밀: 80.65 % (진단값 80.65, 잔여거리 비율 0.81, 잡음비 1.01, 실현 기준 추정 90.8 %, 시간평균 스펙트럼 76.7 %)

대역 에너지 (총합 대비 dB)
             0-0k   0-1k   1-2k   2-3k   3-5k   5-8k  8-12k 12-24k
목표        -0.6  -10.6  -18.2  -20.7  -25.1  -23.9  -20.8  -25.6
합성        -0.6  -10.6  -17.9  -21.0  -25.6  -24.3  -21.8  -25.7

치찰음 지문 (목표 -> 합성)
  무게중심    1100 ->    1052 Hz (-47)   봉우리   1594 ->   1594 Hz (+0)
  치찰도     -16.2 ->   -17.0 dB (-0.7)   대역 MAE 0.39 dB   변조 MAE 3.7 %p
  지글거림(마찰 13%, F0 311 Hz)  F0대역  1.25x  60-150  1.40x  150-400  1.57x   대역레벨 -39.9 -> -40.7 dB
  지글거림(유성 84%, F0 291 Hz)  F0대역  1.45x  60-150  1.53x  150-400  1.17x   대역레벨 -53.3 -> -54.8 dB

움직인 파라미터 (초기 중앙값 -> 적합 중앙값)
  p_sub             6.751 ->      8.007
  adduction         0.363 ->      0.604
  rd_offset         0.000 ->      1.231
  tilt              2.000 ->      5.481
  aspiration        1.000 ->      0.228
  jitter            0.004 ->      0.010
  shimmer           0.030 ->      0.016
  f1              541.018 ->    572.431
  f2             1821.795 ->   1938.136
  bw1              91.087 ->    124.533
  bw2             318.549 ->    191.281
  bw3             273.772 ->    288.158
  bw4             425.913 ->    515.976
  tract_gain        1.000 ->      0.772
  fric_gain         1.000 ->      4.494
  velum             0.000 ->      0.000
  nasal_damp        1.000 ->      0.673
  nasal_gain        1.000 ->      1.458
  lat_mix           0.050 ->      0.057
  lat_bw          350.000 ->    390.820

결과: out/L9/s040_target.wav / out/L9/s040_fit.wav / out/L9/s040_track.npz
