잡음 제거: 바닥 -9.6 -> -16.5 dB (−6.9 dB), 정점 -20.1 -> -20.2 dB
구간 0.000~1.420 s, 1420 프레임 × 1.0 ms
  1 단계 전역 32 스칼라 (이득 -29.3 dB)
      lr 0.015 -> 손실 6.5208
      lr 0.030 -> 손실 6.0229
      lr 0.050 -> 손실 5.5703
      lr 0.090 -> 손실 5.0619
      -> lr 0.090 선택
    [   0] 포락  17.00%  정밀 -16.10%  오차 10.11 dB  펄스 1.529  손실 7.6604
    [  50] 포락  43.90%  정밀  40.57%  오차  9.82 dB  펄스 0.476  손실 4.9675
    [ 100] 포락  44.75%  정밀  41.02%  오차  9.72 dB  펄스 0.470  손실 4.9378
    [ 150] 포락  44.42%  정밀  41.07%  오차  9.39 dB  펄스 0.470  손실 4.8486
    [ 199] 포락  45.62%  정밀  42.54%  오차  9.12 dB  펄스 0.470  손실 4.7715
  2.1 단계  격자 20 ms (71 점)  창 (256, 512)
    [   0] 포락  45.62%  정밀  42.54%  오차  9.12 dB  펄스 0.470  손실 4.7715
    [  50] 포락  73.12%  정밀  69.56%  오차  4.54 dB  펄스 0.144  손실 2.1552
    [  99] 포락  77.14%  정밀  73.81%  오차  4.18 dB  펄스 0.101  손실 1.8452
  2.2 단계  격자 10 ms (142 점)  창 (256, 512, 1024)
    [   0] 포락  76.57%  정밀  72.60%  오차  4.24 dB  펄스 0.100  손실 1.8821
    [  50] 포락  84.00%  정밀  80.04%  오차  3.26 dB  펄스 0.106  손실 1.3768
    [  99] 포락  85.37%  정밀  81.37%  오차  3.08 dB  펄스 0.099  손실 1.2658
  2.3 단계  격자 5 ms (284 점)  창 (256, 512, 1024, 2048)
    [   0] 포락  84.86%  정밀  79.92%  오차  3.09 dB  펄스 0.099  손실 1.3201
    [  50] 포락  88.43%  정밀  83.36%  오차  2.71 dB  펄스 0.082  손실 1.0494
    [  99] 포락  88.99%  정밀  83.88%  오차  2.62 dB  펄스 0.075  손실 0.9977
  2.4 단계  격자 1 ms (284 점)  창 (256, 512, 1024, 2048, 4096)
    [   0] 포락  88.99%  정밀  82.81%  오차  2.62 dB  펄스 0.075  손실 1.0031
    [  50] 포락  89.33%  정밀  83.67%  오차  2.51 dB  펄스 0.075  손실 0.9749
    [  99] 포락  89.57%  정밀  83.84%  오차  2.44 dB  펄스 0.068  손실 0.9325
  3 단계  위상 (가중 3.0, 200 반복)
      lr 0.050 -> 손실 2.4443
      lr 0.120 -> 손실 2.4443
      lr 0.250 -> 손실 2.4443
      -> lr 0.050 선택
    [   0] 포락  89.57%  정밀  83.84%  오차  2.44 dB  펄스 0.068  손실 2.4443
    [  50] 포락  82.25%  정밀  76.72%  오차  2.50 dB  펄스 0.332  손실 4.0577
    [ 100] 포락  84.67%  정밀  79.16%  오차  2.38 dB  펄스 0.190  손실 2.8153
    [ 150] 포락  85.57%  정밀  80.28%  오차  2.29 dB  펄스 0.172  손실 2.4670
    [ 199] 포락  85.89%  정밀  80.30%  오차  2.29 dB  펄스 0.166  손실 2.3682
포락 85.88%  정밀 80.30%   평균오차 2.29 dB  (손실 2.3293, 200 회)  [256:82.9 512:83.0 1024:81.3 2048:78.5 4096:75.9]
보정 정밀: 82.35 % (진단값 82.35, 잔여거리 비율 0.62, 잡음비 1.03, 실현 기준 추정 86.2 %, 시간평균 스펙트럼 59.9 %)

대역 에너지 (총합 대비 dB)
             0-0k   0-1k   1-2k   2-3k   3-5k   5-8k  8-12k 12-24k
목표        -0.6  -10.6  -17.1  -24.6  -22.0  -20.4  -24.2  -34.8
합성        -0.6  -11.0  -16.8  -23.9  -23.8  -20.8  -24.1  -34.3

치찰음 지문 (목표 -> 합성)
  무게중심    2591 ->    2548 Hz (-43)   봉우리   1641 ->   2625 Hz (+984)
  치찰도      -7.8 ->    -8.2 dB (-0.4)   대역 MAE 1.11 dB   변조 MAE 2.6 %p
  지글거림(마찰 17%, F0 242 Hz)  F0대역  1.85x  60-150  1.29x  150-400  1.85x   대역레벨 -40.9 -> -41.6 dB
  지글거림(유성 74%, F0 272 Hz)  F0대역  1.40x  60-150  1.50x  150-400  1.15x   대역레벨 -57.9 -> -60.4 dB

움직인 파라미터 (초기 중앙값 -> 적합 중앙값)
  p_sub             6.196 ->      9.803
  adduction         0.393 ->      0.566
  rd_offset         0.000 ->      0.548
  tilt              2.000 ->      2.960
  aspiration        1.000 ->      0.142
  jitter            0.004 ->      0.010
  shimmer           0.030 ->      0.006
  f1              496.147 ->    427.890
  f3             3221.903 ->   3416.708
  bw1             101.628 ->     79.539
  bw2             245.120 ->    181.680
  bw3             319.260 ->    214.798
  bw4             435.135 ->   1488.810
  fric_gain         1.000 ->     19.497
  velum             0.000 ->      0.000
  nasal_damp        1.000 ->      0.656
  nasal_gain        1.000 ->      3.930
  lat_mix           0.050 ->      0.055
  lat_bw          350.000 ->    457.860

결과: out/L9/s101_target.wav / out/L9/s101_fit.wav / out/L9/s101_track.npz
