잡음 제거: 바닥 -13.5 -> -24.5 dB (−11.0 dB), 정점 -13.6 -> -13.6 dB
구간 0.000~1.420 s, 1420 프레임 × 1.0 ms
  1 단계 전역 32 스칼라 (이득 -39.2 dB)
      lr 0.015 -> 손실 5.0301
      lr 0.030 -> 손실 4.5371
      lr 0.050 -> 손실 4.1355
      lr 0.090 -> 손실 3.8291
      -> lr 0.090 선택
    [   0] 포락  -6.00%  정밀 -48.84%  오차 13.57 dB  펄스 0.967  손실 5.7464
    [  50] 포락  38.35%  정밀  11.10%  오차  7.85 dB  펄스 0.745  손실 3.6558
    [ 100] 포락  56.00%  정밀  48.33%  오차  6.47 dB  펄스 0.742  손실 3.0417
    [ 150] 포락  60.24%  정밀  55.77%  오차  6.10 dB  펄스 0.742  손실 2.8527
    [ 199] 포락  61.15%  정밀  56.64%  오차  6.04 dB  펄스 0.742  손실 2.8204
  2.1 단계  격자 20 ms (71 점)  창 (256, 512)
    [   0] 포락  61.14%  정밀  56.59%  오차  6.03 dB  펄스 0.742  손실 2.8181
    [  50] 포락  81.43%  정밀  74.70%  오차  3.05 dB  펄스 0.941  손실 2.0631
    [  99] 포락  82.68%  정밀  76.14%  오차  2.77 dB  펄스 0.814  손실 1.8582
  2.2 단계  격자 10 ms (142 점)  창 (256, 512, 1024)
    [   0] 포락  82.48%  정밀  70.57%  오차  2.84 dB  펄스 0.816  손실 1.9041
    [  50] 포락  83.57%  정밀  70.47%  오차  2.45 dB  펄스 0.811  손실 1.7588
    [  99] 포락  83.96%  정밀  70.98%  오차  2.36 dB  펄스 0.748  손실 1.6613
  2.3 단계  격자 5 ms (284 점)  창 (256, 512, 1024, 2048)
    [   0] 포락  83.83%  정밀  63.59%  오차  2.40 dB  펄스 0.750  손실 1.8279
    [  50] 포락  85.10%  정밀  66.09%  오차  2.12 dB  펄스 0.692  손실 1.5245
    [  99] 포락  85.40%  정밀  66.49%  오차  2.06 dB  펄스 0.674  손실 1.4784
  2.4 단계  격자 1 ms (1420 점)  창 (256, 512, 1024, 2048, 4096)
    [   0] 포락  85.40%  정밀  60.83%  오차  2.06 dB  펄스 0.674  손실 1.5073
    [  50] 포락  82.37%  정밀  60.90%  오차  2.00 dB  펄스 0.655  손실 1.5661
    [  99] 포락  84.27%  정밀  61.78%  오차  1.61 dB  펄스 0.645  손실 1.3810
  3 단계  위상 (가중 3.0, 200 반복)
      lr 0.050 -> 손실 5.3310
      lr 0.120 -> 손실 4.8831
      lr 0.250 -> 손실 5.3310
      -> lr 0.120 선택
    [   0] 포락  84.56%  정밀  61.90%  오차  1.61 dB  펄스 0.645  손실 5.3310
    [  50] 포락  65.96%  정밀  52.38%  오차  4.05 dB  펄스 1.098  손실 6.8296
    [ 100] 포락  71.60%  정밀  60.00%  오차  3.33 dB  펄스 0.821  손실 5.1654
    [ 150] 포락  75.26%  정밀  65.44%  오차  2.57 dB  펄스 0.623  손실 3.8664
    [ 199] 포락  78.51%  정밀  68.76%  오차  1.88 dB  펄스 0.585  손실 3.2099
포락 78.51%  정밀 68.76%   평균오차 1.88 dB  (손실 3.2099, 200 회)  [256:76.3 512:73.8 1024:68.8 2048:63.5 4096:61.4]
보정 정밀: 70.34 % (진단값 70.34, 잔여거리 비율 0.79, 잡음비 1.26, 실현 기준 추정 85.1 %, 시간평균 스펙트럼 -9.5 %)

대역 에너지 (총합 대비 dB)
             0-0k   0-1k   1-2k   2-3k   3-5k   5-8k  8-12k 12-24k
목표        -0.6  -10.6  -18.2  -20.7  -25.1  -23.9  -20.8  -25.6
합성        -0.7   -9.8  -19.2  -22.0  -25.4  -22.0  -22.3  -29.3

치찰음 지문 (목표 -> 합성)
  무게중심    1100 ->     974 Hz (-126)   봉우리   1594 ->   1312 Hz (-281)
  치찰도     -16.2 ->   -17.2 dB (-1.0)   대역 MAE 2.83 dB   변조 MAE 12.9 %p
  지글거림(마찰  5%, F0 321 Hz)  F0대역  4.27x  60-150  1.68x  150-400  5.70x   대역레벨 -38.4 -> -41.0 dB
  지글거림(유성 81%, F0 311 Hz)  F0대역  2.90x  60-150  3.70x  150-400  4.37x   대역레벨 -52.0 -> -55.2 dB

움직인 파라미터 (초기 중앙값 -> 적합 중앙값)
  p_sub             6.751 ->      6.248
  adduction         0.363 ->      0.909
  f0_target       298.183 ->    313.571
  rd_offset         0.000 ->      1.447
  tilt              2.000 ->      5.570
  aspiration        1.000 ->      0.430
  jitter            0.004 ->      0.010
  shimmer           0.030 ->      0.000
  f1              541.018 ->    583.400
  f4             4440.345 ->   3939.848
  bw1              91.087 ->    108.935
  bw2             318.549 ->    209.419
  bw3             269.342 ->    441.547
  bw4             358.836 ->    250.921
  fric_gain         1.000 ->    117.841
  back_leak         0.300 ->      0.353
  velum             0.000 ->      0.000
  nasal_gain        1.000 ->      0.895
  lat_mix           0.050 ->      0.043

결과: out/sub1/s040_target.wav / out/sub1/s040_fit.wav / out/sub1/s040_track.npz
