잡음 제거: 바닥 -9.6 -> -16.5 dB (−6.9 dB), 정점 -20.1 -> -20.2 dB
구간 0.000~1.420 s, 1420 프레임 × 1.0 ms
  1 단계 전역 32 스칼라 (이득 -36.5 dB)
      lr 0.015 -> 손실 5.2946
      lr 0.030 -> 손실 4.7095
      lr 0.050 -> 손실 4.0979
      lr 0.090 -> 손실 3.5994
      -> lr 0.090 선택
    [   0] 포락  -1.47%  정밀 -52.75%  오차 12.13 dB  펄스 1.529  손실 5.9096
    [  50] 포락  51.30%  정밀  31.86%  오차 10.13 dB  펄스 0.480  손실 3.5369
    [ 100] 포락  57.39%  정밀  49.42%  오차  8.85 dB  펄스 0.469  손실 3.1630
    [ 150] 포락  56.71%  정밀  50.59%  오차  8.17 dB  펄스 0.469  손실 3.0448
    [ 199] 포락  56.48%  정밀  50.31%  오차  8.07 dB  펄스 0.469  손실 3.0280
  2.1 단계  격자 20 ms (71 점)  창 (256, 512)
    [   0] 포락  56.48%  정밀  50.30%  오차  8.07 dB  펄스 0.469  손실 3.0278
    [  50] 포락  81.18%  정밀  76.63%  오차  3.54 dB  펄스 0.056  손실 1.2606
    [  99] 포락  82.65%  정밀  77.96%  오차  3.21 dB  펄스 0.036  손실 1.1363
  2.2 단계  격자 10 ms (142 점)  창 (256, 512, 1024)
    [   0] 포락  82.32%  정밀  78.04%  오차  3.30 dB  펄스 0.037  손실 1.1722
    [  50] 포락  86.59%  정밀  82.33%  오차  2.47 dB  펄스 0.028  손실 0.8839
    [  99] 포락  87.63%  정밀  83.32%  오차  2.33 dB  펄스 0.023  손실 0.8245
  2.3 단계  격자 5 ms (284 점)  창 (256, 512, 1024, 2048)
    [   0] 포락  87.57%  정밀  82.41%  오차  2.41 dB  펄스 0.024  손실 0.8701
    [  50] 포락  88.40%  정밀  83.74%  오차  1.96 dB  펄스 0.114  손실 0.7975
    [  99] 포락  89.46%  정밀  84.40%  오차  1.84 dB  펄스 0.091  손실 0.7263
  2.4 단계  격자 1 ms (1420 점)  창 (256, 512, 1024, 2048, 4096)
    [   0] 포락  89.46%  정밀  83.30%  오차  1.84 dB  펄스 0.091  손실 0.7326
    [  50] 포락  90.93%  정밀  84.53%  오차  1.60 dB  펄스 0.072  손실 0.6376
    [  99] 포락  91.53%  정밀  84.99%  오차  1.38 dB  펄스 0.068  손실 0.5583
  3 단계  위상 (가중 3.0, 200 반복)
      lr 0.050 -> 손실 2.6065
      lr 0.120 -> 손실 2.6065
      lr 0.250 -> 손실 2.6065
      -> lr 0.050 선택
    [   0] 포락  91.53%  정밀  84.99%  오차  1.38 dB  펄스 0.068  손실 2.6065
    [  50] 포락  82.77%  정밀  76.80%  오차  3.40 dB  펄스 0.445  손실 3.6255
    [ 100] 포락  89.32%  정밀  83.07%  오차  2.16 dB  펄스 0.227  손실 2.2803
    [ 150] 포락  91.95%  정밀  85.67%  오차  1.55 dB  펄스 0.207  손실 1.7713
    [ 199] 포락  92.53%  정밀  86.18%  오차  1.33 dB  펄스 0.197  손실 1.5629
포락 92.53%  정밀 86.18%   평균오차 1.33 dB  (손실 1.5629, 200 회)  [256:89.8 512:89.0 1024:86.7 2048:83.7 4096:81.8]
보정 정밀: 93.70 % (진단값 93.70, 잔여거리 비율 0.14, 잡음비 1.01, 실현 기준 추정 84.0 %, 시간평균 스펙트럼 78.8 %)

대역 에너지 (총합 대비 dB)
             0-0k   0-1k   1-2k   2-3k   3-5k   5-8k  8-12k 12-24k
목표        -0.6  -10.6  -17.1  -24.6  -22.0  -20.4  -24.2  -34.8
합성        -0.6  -10.8  -17.2  -25.0  -22.3  -20.8  -24.4  -34.7

치찰음 지문 (목표 -> 합성)
  무게중심    2591 ->    2561 Hz (-30)   봉우리   1641 ->   1688 Hz (+47)
  치찰도      -7.8 ->    -8.0 dB (-0.2)   대역 MAE 0.33 dB   변조 MAE 4.9 %p
  지글거림(마찰 15%, F0 247 Hz)  F0대역  3.80x  60-150  2.19x  150-400  4.46x   대역레벨 -40.2 -> -41.4 dB
  지글거림(유성 78%, F0 278 Hz)  F0대역  0.50x  60-150  1.92x  150-400  0.47x   대역레벨 -58.4 -> -59.9 dB

움직인 파라미터 (초기 중앙값 -> 적합 중앙값)
  p_sub             6.196 ->      8.723
  rd_offset         0.000 ->      0.756
  aspiration        1.000 ->      0.033
  jitter            0.004 ->      0.009
  shimmer           0.030 ->      0.004
  f1              496.147 ->    466.434
  bw1             101.628 ->     83.908
  bw2             245.120 ->    106.119
  bw3             319.260 ->    102.222
  bw4             367.635 ->    145.283
  a_c               3.000 ->      2.724
  fric_gain         1.000 ->     21.844
  back_leak         0.300 ->      0.265
  velum             0.000 ->      0.000
  nasal_gain        1.000 ->      0.870
  lat_mix           0.050 ->      0.056
  lat_bw          350.000 ->    307.495

결과: out/sub1/s101_target.wav / out/sub1/s101_fit.wav / out/sub1/s101_track.npz
