잡음 제거: 바닥 -13.5 -> -24.5 dB (−11.0 dB), 정점 -13.6 -> -13.6 dB
구간 0.000~1.420 s, 1420 프레임 × 1.0 ms
  1 단계 전역 32 스칼라 (이득 -20.4 dB)
      lr 0.015 -> 손실 6.5221
      lr 0.030 -> 손실 5.9578
      lr 0.050 -> 손실 5.6683
      lr 0.090 -> 손실 5.4145
      -> lr 0.090 선택
    [   0] 포락   2.75%  정밀 -60.44%  오차  9.84 dB  펄스 0.967  손실 8.3831
    [  50] 포락  50.70%  정밀  47.42%  오차  6.71 dB  펄스 0.743  손실 5.3401
    [ 100] 포락  52.13%  정밀  50.26%  오차  6.30 dB  펄스 0.741  손실 5.1838
    [ 150] 포락  53.59%  정밀  51.55%  오차  6.28 dB  펄스 0.741  손실 5.1681
    [ 199] 포락  53.72%  정밀  51.68%  오차  6.28 dB  펄스 0.741  손실 5.1672
  2.1 단계  격자 20 ms (71 점)  창 (256, 512)
    [   0] 포락  52.98%  정밀  51.04%  오차  6.22 dB  펄스 0.741  손실 5.1592
    [  50] 포락  67.49%  정밀  63.50%  오차  5.93 dB  펄스 0.345  손실 3.4759
    [  99] 포락  68.30%  정밀  64.60%  오차  5.84 dB  펄스 0.336  손실 3.4382
  2.2 단계  격자 10 ms (142 점)  창 (256, 512, 1024)
    [   0] 포락  68.32%  정밀  64.47%  오차  5.84 dB  펄스 0.348  손실 3.4559
    [  50] 포락  69.13%  정밀  65.35%  오차  5.69 dB  펄스 0.339  손실 3.4025
    [  99] 포락  69.28%  정밀  65.50%  오차  5.68 dB  펄스 0.342  손실 3.3959
  2.3 단계  격자 5 ms (284 점)  창 (256, 512, 1024, 2048)
    [   0] 포락  69.33%  정밀  65.23%  오차  5.67 dB  펄스 0.348  손실 3.4032
    [  50] 포락  69.54%  정밀  65.37%  오차  5.61 dB  펄스 0.345  손실 3.3740
    [  99] 포락  69.63%  정밀  65.48%  오차  5.61 dB  펄스 0.348  손실 3.3705
  2.4 단계  격자 1 ms (1420 점)  창 (256, 512, 1024, 2048, 4096)
    [   0] 포락  69.69%  정밀  65.13%  오차  5.60 dB  펄스 0.352  손실 3.3763
    [  50] 포락  69.75%  정밀  65.16%  오차  5.60 dB  펄스 0.351  손실 3.3637
    [  99] 포락  69.79%  정밀  65.20%  오차  5.59 dB  펄스 0.351  손실 3.3594
  3 단계  위상 (가중 3.0, 200 반복)
      lr 0.050 -> 손실 6.0691
      lr 0.120 -> 손실 6.1320
      lr 0.250 -> 손실 6.0203
      -> lr 0.250 선택
    [   0] 포락  69.79%  정밀  65.20%  오차  5.59 dB  펄스 0.351  손실 6.1320
    [  50] 포락  69.54%  정밀  64.73%  오차  5.70 dB  펄스 0.446  손실 5.9199
    [ 100] 포락  69.03%  정밀  64.30%  오차  5.61 dB  펄스 0.444  손실 5.7362
    [ 150] 포락  69.00%  정밀  64.20%  오차  5.58 dB  펄스 0.449  손실 5.6861
    [ 199] 포락  69.01%  정밀  64.29%  오차  5.57 dB  펄스 0.445  손실 5.7533
포락 69.03%  정밀 64.22%   평균오차 5.57 dB  (손실 5.6743, 200 회)  [256:65.2 512:65.4 1024:64.5 2048:63.4 4096:62.6]
보정 정밀: 64.64 % (진단값 64.64, 잔여거리 비율 0.91, 잡음비 0.94, 실현 기준 추정 88.7 %, 시간평균 스펙트럼 -18.4 %)

대역 에너지 (총합 대비 dB)
             0-0k   0-1k   1-2k   2-3k   3-5k   5-8k  8-12k 12-24k
목표        -0.6  -10.6  -18.2  -20.7  -25.1  -23.9  -20.8  -25.6
합성        -0.9   -9.1  -18.3  -22.4  -21.6  -16.1  -20.9  -36.6

치찰음 지문 (목표 -> 합성)
  무게중심    1100 ->    1104 Hz (+5)   봉우리   1594 ->   1266 Hz (-328)
  치찰도     -16.2 ->   -14.0 dB (+2.2)   대역 MAE 5.05 dB   변조 MAE 12.2 %p
  지글거림(마찰 10%, F0 308 Hz)  F0대역  1.47x  60-150  0.76x  150-400  1.13x   대역레벨 -39.1 -> -34.6 dB
  지글거림(유성 88%, F0 293 Hz)  F0대역  3.25x  60-150  5.15x  150-400  2.43x   대역레벨 -52.6 -> -58.5 dB

움직인 파라미터 (초기 중앙값 -> 적합 중앙값)
  p_sub             6.751 ->      6.348
  adduction         0.363 ->      0.796
  rd_offset         0.000 ->      1.500
  tilt              2.000 ->      3.331
  aspiration        1.000 ->      0.030
  jitter            0.004 ->      0.010
  shimmer           0.030 ->      0.002
  bw1              91.087 ->    171.476
  bw2             318.549 ->    354.120
  bw3             273.772 ->    142.221
  bw4             425.913 ->   1305.555
  tract_gain        1.000 ->      0.906
  a_c               3.000 ->      2.602
  fric_gain         1.000 ->     17.196
  back_leak         0.300 ->      0.014
  lat_bw          350.000 ->    323.212

결과: out/L7/s040_target.wav / out/L7/s040_fit.wav / out/L7/s040_track.npz
