잡음 제거: 바닥 -9.6 -> -16.5 dB (−6.9 dB), 정점 -20.1 -> -20.2 dB
구간 0.000~1.420 s, 1420 프레임 × 1.0 ms
  1 단계 전역 32 스칼라 (이득 -29.3 dB)
      lr 0.015 -> 손실 6.4866
      lr 0.030 -> 손실 6.0159
      lr 0.050 -> 손실 5.5665
      lr 0.090 -> 손실 5.0660
      -> lr 0.090 선택
    [   0] 포락  17.00%  정밀 -16.10%  오차 10.11 dB  펄스 1.529  손실 7.6604
    [  50] 포락  43.63%  정밀  40.40%  오차  9.84 dB  펄스 0.479  손실 4.9735
    [ 100] 포락  44.74%  정밀  41.04%  오차  9.71 dB  펄스 0.470  손실 4.9389
    [ 150] 포락  44.36%  정밀  41.06%  오차  9.42 dB  펄스 0.470  손실 4.8559
    [ 199] 포락  44.81%  정밀  41.68%  오차  9.17 dB  펄스 0.470  손실 4.7886
  2.1 단계  격자 20 ms (71 점)  창 (256, 512)
    [   0] 포락  44.81%  정밀  41.68%  오차  9.17 dB  펄스 0.470  손실 4.7886
    [  50] 포락  62.22%  정밀  58.76%  오차  7.03 dB  펄스 0.087  손실 2.8652
    [  99] 포락  64.10%  정밀  60.83%  오차  6.67 dB  펄스 0.090  손실 2.7482
  2.2 단계  격자 10 ms (142 점)  창 (256, 512, 1024)
    [   0] 포락  64.14%  정밀  60.42%  오차  6.69 dB  펄스 0.101  손실 2.7681
    [  50] 포락  66.92%  정밀  63.07%  오차  6.12 dB  펄스 0.080  손실 2.6109
    [  99] 포락  67.30%  정밀  63.51%  오차  6.04 dB  펄스 0.075  손실 2.5772
  2.3 단계  격자 5 ms (284 점)  창 (256, 512, 1024, 2048)
    [   0] 포락  67.37%  정밀  63.18%  오차  6.06 dB  펄스 0.078  손실 2.5863
    [  50] 포락  68.02%  정밀  63.59%  오차  5.88 dB  펄스 0.078  손실 2.5256
    [  99] 포락  68.08%  정밀  63.68%  오차  5.84 dB  펄스 0.077  손실 2.5084
  2.4 단계  격자 1 ms (1420 점)  창 (256, 512, 1024, 2048, 4096)
    [   0] 포락  68.14%  정밀  63.40%  오차  5.85 dB  펄스 0.080  손실 2.5135
    [  50] 포락  68.44%  정밀  63.80%  오차  5.78 dB  펄스 0.069  손실 2.4781
    [  99] 포락  68.52%  정밀  63.84%  오차  5.77 dB  펄스 0.069  손실 2.4702
  3 단계  위상 (가중 3.0, 200 반복)
      lr 0.050 -> 손실 4.2522
      lr 0.120 -> 손실 4.4081
      lr 0.250 -> 손실 4.4081
      -> lr 0.050 선택
    [   0] 포락  68.52%  정밀  63.84%  오차  5.77 dB  펄스 0.069  손실 4.4081
    [  50] 포락  68.64%  정밀  63.48%  오차  5.63 dB  펄스 0.080  손실 4.2291
    [ 100] 포락  67.46%  정밀  62.28%  오차  5.59 dB  펄스 0.077  손실 4.1538
    [ 150] 포락  67.37%  정밀  62.18%  오차  5.53 dB  펄스 0.082  손실 4.1498
    [ 199] 포락  67.28%  정밀  62.09%  오차  5.52 dB  펄스 0.077  손실 4.1201
포락 67.28%  정밀 62.09%   평균오차 5.52 dB  (손실 4.1201, 200 회)  [256:63.6 512:62.9 1024:62.3 2048:61.2 4096:60.6]
보정 정밀: 62.55 % (진단값 62.55, 잔여거리 비율 0.87, 잡음비 1.00, 실현 기준 추정 85.4 %, 시간평균 스펙트럼 55.7 %)

대역 에너지 (총합 대비 dB)
             0-0k   0-1k   1-2k   2-3k   3-5k   5-8k  8-12k 12-24k
목표        -0.6  -10.6  -17.1  -24.6  -22.0  -20.4  -24.2  -34.8
합성        -0.8  -10.0  -18.6  -27.0  -19.9  -16.1  -20.3  -33.6

치찰음 지문 (목표 -> 합성)
  무게중심    2591 ->    2855 Hz (+264)   봉우리   1641 ->   1266 Hz (-375)
  치찰도      -7.8 ->    -7.3 dB (+0.5)   대역 MAE 1.87 dB   변조 MAE 3.2 %p
  지글거림(마찰 12%, F0 248 Hz)  F0대역  5.44x  60-150  3.01x  150-400  5.76x   대역레벨 -39.6 -> -39.8 dB
  지글거림(유성 84%, F0 278 Hz)  F0대역  5.17x  60-150 10.21x  150-400  4.56x   대역레벨 -57.5 -> -59.7 dB

움직인 파라미터 (초기 중앙값 -> 적합 중앙값)
  p_sub             6.196 ->     11.528
  adduction         0.393 ->      0.454
  rd_offset         0.000 ->      0.962
  tilt              2.000 ->      3.943
  aspiration        1.000 ->      0.027
  jitter            0.004 ->      0.010
  shimmer           0.030 ->      0.007
  f1              496.147 ->    446.405
  f3             3221.903 ->   3390.906
  bw1             101.628 ->    221.710
  bw3             319.260 ->    440.097
  bw4             435.135 ->   1956.817
  tract_gain        1.000 ->      1.083
  a_c               3.000 ->      2.822
  fric_gain         1.000 ->      6.929
  back_leak         0.300 ->      0.236
  velum             0.000 ->      0.000
  nasal_gain        1.000 ->      1.128
  lat_mix           0.050 ->      0.042
  lat_bw          350.000 ->    313.539

결과: out/L7/s101_target.wav / out/L7/s101_fit.wav / out/L7/s101_track.npz
