잡음 제거: 바닥 -13.5 -> -24.5 dB (−11.0 dB), 정점 -13.6 -> -13.6 dB
구간 0.000~1.420 s, 1420 프레임 × 1.0 ms
  1 단계 전역 32 스칼라 (이득 -39.2 dB)
      lr 0.015 -> 손실 5.0301
      lr 0.030 -> 손실 4.5371
      lr 0.050 -> 손실 4.1355
      lr 0.090 -> 손실 3.8291
      -> lr 0.090 선택
    [   0] 포락  -6.00%  정밀 -48.84%  오차 13.57 dB  펄스 0.967  손실 5.7464
    [  50] 포락  38.35%  정밀  11.10%  오차  7.85 dB  펄스 0.745  손실 3.6558
    [ 100] 포락  56.00%  정밀  48.33%  오차  6.47 dB  펄스 0.742  손실 3.0417
    [ 150] 포락  60.24%  정밀  55.77%  오차  6.10 dB  펄스 0.742  손실 2.8527
    [ 199] 포락  61.15%  정밀  56.64%  오차  6.04 dB  펄스 0.742  손실 2.8204
  2.1 단계  격자 20 ms (71 점)  창 (256, 512)
    [   0] 포락  61.14%  정밀  56.59%  오차  6.03 dB  펄스 0.742  손실 2.8181
    [  50] 포락  81.43%  정밀  74.70%  오차  3.05 dB  펄스 0.941  손실 2.0631
    [  99] 포락  82.68%  정밀  76.14%  오차  2.77 dB  펄스 0.814  손실 1.8582
  2.2 단계  격자 10 ms (142 점)  창 (256, 512, 1024)
    [   0] 포락  82.48%  정밀  70.57%  오차  2.84 dB  펄스 0.816  손실 1.9041
    [  50] 포락  83.57%  정밀  70.47%  오차  2.45 dB  펄스 0.811  손실 1.7588
    [  99] 포락  83.96%  정밀  70.98%  오차  2.36 dB  펄스 0.748  손실 1.6613
  2.3 단계  격자 5 ms (284 점)  창 (256, 512, 1024, 2048)
    [   0] 포락  83.83%  정밀  63.59%  오차  2.40 dB  펄스 0.750  손실 1.7228
    [  50] 포락  85.50%  정밀  65.69%  오차  2.13 dB  펄스 0.686  손실 1.5032
    [  99] 포락  85.82%  정밀  66.35%  오차  2.07 dB  펄스 0.671  손실 1.4596
  2.4 단계  격자 1 ms (1420 점)  창 (256, 512, 1024, 2048, 4096)
    [   0] 포락  85.82%  정밀  60.67%  오차  2.07 dB  펄스 0.671  손실 1.4887
    [  50] 포락  85.83%  정밀  61.58%  오차  1.62 dB  펄스 0.718  손실 1.4492
    [  99] 포락  86.50%  정밀  62.21%  오차  1.43 dB  펄스 0.707  손실 1.3686
  3 단계  위상 (가중 3.0, 800 반복)
      lr 0.050 -> 손실 3.3946
      lr 0.120 -> 손실 4.3120
      lr 0.250 -> 손실 5.0121
      -> lr 0.050 선택
    [   0] 포락  86.50%  정밀  62.21%  오차  1.43 dB  펄스 0.707  손실 5.1679
    [  50] 포락  78.17%  정밀  58.49%  오차  2.85 dB  펄스 0.762  손실 5.0570
    [ 100] 포락  78.87%  정밀  65.23%  오차  2.65 dB  펄스 0.720  손실 3.9439
    [ 150] 포락  80.84%  정밀  71.23%  오차  2.07 dB  펄스 0.673  손실 3.1678
    [ 200] 포락  82.57%  정밀  73.95%  오차  1.92 dB  펄스 0.653  손실 2.8805
    [ 250] 포락  84.32%  정밀  76.07%  오차  1.82 dB  펄스 0.634  손실 2.6833
    [ 300] 포락  84.93%  정밀  76.89%  오차  1.72 dB  펄스 0.616  손실 2.5490
    [ 350] 포락  78.02%  정밀  69.49%  오차  2.21 dB  펄스 0.812  손실 4.2423
    [ 400] 포락  83.49%  정밀  75.70%  오차  1.96 dB  펄스 0.656  손실 2.9179
    [ 450] 포락  81.44%  정밀  73.17%  오차  2.07 dB  펄스 0.729  손실 3.6530
    [ 500] 포락  85.21%  정밀  77.04%  오차  1.69 dB  펄스 0.587  손실 2.4911
    [ 550] 포락  85.89%  정밀  78.06%  오차  1.52 dB  펄스 0.583  손실 2.3487
    [ 600] 포락  85.79%  정밀  78.08%  오차  1.48 dB  펄스 0.570  손실 2.1990
    [ 650] 포락  85.56%  정밀  77.57%  오차  1.53 dB  펄스 0.586  손실 2.5911
    [ 700] 포락  86.36%  정밀  78.64%  오차  1.41 dB  펄스 0.565  손실 2.1616
    [ 750] 포락  86.43%  정밀  78.81%  오차  1.36 dB  펄스 0.564  손실 2.0898
    [ 799] 포락  86.50%  정밀  78.93%  오차  1.34 dB  펄스 0.563  손실 2.0564
포락 86.50%  정밀 78.92%   평균오차 1.34 dB  (손실 2.0536, 800 회)  [256:82.9 512:80.6 1024:78.4 2048:76.8 4096:75.8]
보정 정밀: 분해 불가 (진단값 99.41, 잔여거리 비율 0.00, 잡음비 1.25, 실현 기준 추정 77.2 %, 시간평균 스펙트럼 5.9 %)
  * 분산 보정으로 편향을 판별하지 못했다. 하한·합격 판정으로 쓰지 말고 잡음비와 아래 치찰음 지문을 함께 읽을 것.

대역 에너지 (총합 대비 dB)
             0-0k   0-1k   1-2k   2-3k   3-5k   5-8k  8-12k 12-24k
목표        -0.6  -10.6  -18.2  -20.7  -25.1  -23.9  -20.8  -25.6
합성        -0.6  -10.0  -18.4  -20.9  -25.1  -24.4  -21.5  -27.5

치찰음 지문 (목표 -> 합성)
  무게중심    1100 ->    1017 Hz (-83)   봉우리   1594 ->   1594 Hz (+0)
  치찰도     -16.2 ->   -17.3 dB (-1.0)   대역 MAE 2.21 dB   변조 MAE 14.1 %p
  지글거림(마찰  4%, F0 337 Hz)  F0대역 11.63x  60-150  2.70x  150-400 14.39x   대역레벨 -37.7 -> -43.2 dB
  지글거림(유성 80%, F0 326 Hz)  F0대역  2.60x  60-150  2.90x  150-400  3.85x   대역레벨 -51.7 -> -55.6 dB

움직인 파라미터 (초기 중앙값 -> 적합 중앙값)
  p_sub             6.751 ->      4.976
  adduction         0.363 ->      0.806
  f0_target       298.183 ->    322.558
  rd_offset         0.000 ->      1.255
  tilt              2.000 ->      1.018
  aspiration        1.000 ->      0.273
  jitter            0.004 ->      0.010
  shimmer           0.030 ->      0.000
  f1              541.018 ->    580.735
  f4             4440.345 ->   4134.857
  bw1              91.087 ->     78.853
  bw2             318.549 ->     79.247
  bw3             269.342 ->    132.244
  bw4             358.836 ->    171.244
  tract_gain        1.000 ->      0.780
  fric_gain         1.000 ->    145.299
  back_leak         0.300 ->      0.316
  velum             0.000 ->      0.000
  nasal_damp        1.000 ->      0.948
  nasal_gain        1.000 ->      1.201
  lat_mix           0.050 ->      0.038
  lat_bw          350.000 ->    330.695

결과: out/ph800/s040_target.wav / out/ph800/s040_fit.wav / out/ph800/s040_track.npz
