잡음 제거: 바닥 -13.5 -> -24.5 dB (−11.0 dB), 정점 -13.6 -> -13.6 dB
구간 0.000~1.420 s, 1420 프레임 × 1.0 ms
  1 단계 전역 32 스칼라 (이득 -20.4 dB)
      lr 0.015 -> 손실 6.7176
      lr 0.030 -> 손실 6.1578
      lr 0.050 -> 손실 5.8336
      lr 0.090 -> 손실 5.5782
      -> lr 0.090 선택
    [   0] 포락   2.75%  정밀 -60.44%  오차  9.84 dB  펄스 0.967  손실 8.3831
    [  50] 포락  51.01%  정밀  44.67%  오차  6.75 dB  펄스 0.743  손실 5.4383
    [ 100] 포락  53.16%  정밀  51.09%  오차  6.25 dB  펄스 0.741  손실 5.2286
    [ 150] 포락  54.78%  정밀  52.71%  오차  6.16 dB  펄스 0.741  손실 5.1875
    [ 199] 포락  55.12%  정밀  52.98%  오차  6.21 dB  펄스 0.741  손실 5.1972
  2.1 단계  격자 20 ms (71 점)  창 (256, 512)
    [   0] 포락  54.62%  정밀  52.56%  오차  6.15 dB  펄스 0.741  손실 5.1850
    [  50] 포락  83.15%  정밀  80.33%  오차  3.58 dB  펄스 0.253  손실 1.8826
    [  99] 포락  84.91%  정밀  82.71%  오차  3.21 dB  펄스 0.185  손실 1.5893
  2.2 단계  격자 10 ms (142 점)  창 (256, 512, 1024)
    [   0] 포락  84.60%  정밀  82.01%  오차  3.23 dB  펄스 0.185  손실 1.6190
    [  50] 포락  82.81%  정밀  78.25%  오차  2.91 dB  펄스 0.716  손실 2.8180
    [  99] 포락  81.96%  정밀  77.96%  오차  2.84 dB  펄스 0.612  손실 2.3205
  2.3 단계  격자 5 ms (284 점)  창 (256, 512, 1024, 2048)
    [   0] 포락  84.51%  정밀  81.25%  오차  3.24 dB  펄스 0.186  손실 1.6320
    [  50] 포락  87.97%  정밀  85.21%  오차  2.67 dB  펄스 0.136  손실 1.2459
    [  99] 포락  88.58%  정밀  85.67%  오차  2.56 dB  펄스 0.126  손실 1.1631
  2.4 단계  격자 1 ms (1420 점)  창 (256, 512, 1024, 2048, 4096)
    [   0] 포락  88.58%  정밀  85.01%  오차  2.56 dB  펄스 0.126  손실 1.1672
    [  50] 포락  90.68%  정밀  87.01%  오차  2.16 dB  펄스 0.118  손실 0.9900
    [  99] 포락  91.23%  정밀  87.47%  오차  2.04 dB  펄스 0.117  손실 0.9321
  3 단계  위상 (가중 3.0, 200 반복)
      lr 0.050 -> 손실 2.8887
      lr 0.120 -> 손실 2.8887
      lr 0.250 -> 손실 2.8887
      -> lr 0.050 선택
    [   0] 포락  91.23%  정밀  87.47%  오차  2.04 dB  펄스 0.117  손실 2.8887
    [  50] 포락  71.35%  정밀  52.97%  오차  2.66 dB  펄스 0.871  손실 6.7281
    [ 100] 포락  71.01%  정밀  61.46%  오차  2.41 dB  펄스 0.795  손실 4.6575
    [ 150] 포락  74.07%  정밀  65.66%  오차  2.23 dB  펄스 0.779  손실 4.1966
    [ 199] 포락  75.39%  정밀  67.75%  오차  2.13 dB  펄스 0.770  손실 3.7363
포락 91.23%  정밀 87.47%   평균오차 2.04 dB  (손실 2.8887, 200 회)  [256:88.8 512:89.5 1024:88.0 2048:86.4 4096:84.7]
보정 정밀: 90.27 % (진단값 90.27, 잔여거리 비율 0.45, 잡음비 0.98, 실현 기준 추정 89.3 %, 시간평균 스펙트럼 72.1 %)

대역 에너지 (총합 대비 dB)
             0-0k   0-1k   1-2k   2-3k   3-5k   5-8k  8-12k 12-24k
목표        -0.6  -10.6  -18.2  -20.7  -25.1  -23.9  -20.8  -25.6
합성        -0.6  -10.8  -18.5  -21.4  -26.1  -23.5  -21.5  -25.5

치찰음 지문 (목표 -> 합성)
  무게중심    1100 ->    1063 Hz (-37)   봉우리   1594 ->   1594 Hz (+0)
  치찰도     -16.2 ->   -16.8 dB (-0.6)   대역 MAE 0.47 dB   변조 MAE 7.7 %p
  지글거림(마찰 11%, F0 301 Hz)  F0대역  2.49x  60-150  2.09x  150-400  5.35x   대역레벨 -39.5 -> -40.3 dB
  지글거림(유성 87%, F0 290 Hz)  F0대역  2.55x  60-150  1.58x  150-400  2.32x   대역레벨 -53.0 -> -55.3 dB

움직인 파라미터 (초기 중앙값 -> 적합 중앙값)
  p_sub             6.751 ->      8.631
  adduction         0.363 ->      0.620
  rd_offset         0.000 ->      1.327
  tilt              2.000 ->      5.946
  aspiration        1.000 ->      0.242
  jitter            0.004 ->      0.010
  shimmer           0.030 ->      0.012
  f1              541.018 ->    576.192
  f2             1821.795 ->   1994.942
  f3             3136.901 ->   3326.289
  bw1              91.087 ->    178.741
  bw2             318.549 ->    279.818
  bw3             273.772 ->    457.190
  bw4             425.913 ->   2252.444
  tract_gain        1.000 ->      0.823
  fric_gain         1.000 ->      7.074
  back_leak         0.300 ->      0.363
  nasal_damp        1.000 ->      0.762
  nasal_gain        1.000 ->      1.977
  lat_mix           0.050 ->      0.054
  lat_bw          350.000 ->    382.742

결과: out/L3/s040_target.wav / out/L3/s040_fit.wav / out/L3/s040_track.npz
