잡음 제거: 바닥 -9.6 -> -16.5 dB (−6.9 dB), 정점 -20.1 -> -20.2 dB
구간 0.000~1.420 s, 1420 프레임 × 1.0 ms
  1 단계 전역 32 스칼라 (이득 -29.3 dB)
      lr 0.015 -> 손실 6.5942
      lr 0.030 -> 손실 6.0295
      lr 0.050 -> 손실 5.5419
      lr 0.090 -> 손실 5.0497
      -> lr 0.090 선택
    [   0] 포락  17.00%  정밀 -16.10%  오차 10.11 dB  펄스 1.529  손실 7.6604
    [  50] 포락  44.72%  정밀  41.45%  오차 10.02 dB  펄스 0.478  손실 4.9586
    [ 100] 포락  46.61%  정밀  42.77%  오차  9.78 dB  펄스 0.470  손실 4.8992
    [ 150] 포락  46.18%  정밀  43.12%  오차  9.46 dB  펄스 0.470  손실 4.8208
    [ 199] 포락  46.03%  정밀  43.10%  오차  9.26 dB  펄스 0.470  손실 4.7827
  2.1 단계  격자 20 ms (71 점)  창 (256, 512)
    [   0] 포락  46.03%  정밀  43.10%  오차  9.26 dB  펄스 0.470  손실 4.7827
    [  50] 포락  78.04%  정밀  74.70%  오차  5.00 dB  펄스 0.114  손실 2.0594
    [  99] 포락  80.41%  정밀  77.08%  오차  4.64 dB  펄스 0.098  손실 1.8538
  2.2 단계  격자 10 ms (142 점)  창 (256, 512, 1024)
    [   0] 포락  80.31%  정밀  76.13%  오차  4.70 dB  펄스 0.099  손실 1.9278
    [  50] 포락  81.95%  정밀  78.43%  오차  3.83 dB  펄스 0.178  손실 1.7101
    [  99] 포락  82.93%  정밀  79.45%  오차  3.68 dB  펄스 0.164  손실 1.5978
  2.3 단계  격자 5 ms (284 점)  창 (256, 512, 1024, 2048)
    [   0] 포락  82.93%  정밀  78.27%  오차  3.73 dB  펄스 0.164  손실 1.6389
    [  50] 포락  84.62%  정밀  80.02%  오차  3.19 dB  펄스 0.140  손실 1.3696
    [  99] 포락  85.27%  정밀  80.82%  오차  3.10 dB  펄스 0.127  손실 1.2925
  2.4 단계  격자 1 ms (1420 점)  창 (256, 512, 1024, 2048, 4096)
    [   0] 포락  85.27%  정밀  79.83%  오차  3.10 dB  펄스 0.127  손실 1.2982
    [  50] 포락  88.14%  정밀  82.36%  오차  2.57 dB  펄스 0.112  손실 1.0622
    [  99] 포락  88.75%  정밀  82.83%  오차  2.43 dB  펄스 0.109  손실 1.0109
  3 단계  위상 (가중 3.0, 200 반복)
      lr 0.050 -> 손실 2.6475
      lr 0.120 -> 손실 2.6475
      lr 0.250 -> 손실 2.6475
      -> lr 0.050 선택
    [   0] 포락  88.75%  정밀  82.83%  오차  2.43 dB  펄스 0.109  손실 2.6475
    [  50] 포락  78.76%  정밀  70.60%  오차  2.53 dB  펄스 0.353  손실 3.4229
    [ 100] 포락  83.51%  정밀  74.63%  오차  2.22 dB  펄스 0.312  손실 2.8266
    [ 150] 포락  86.03%  정밀  77.23%  오차  1.96 dB  펄스 0.284  손실 2.2958
    [ 199] 포락  86.67%  정밀  78.12%  오차  1.90 dB  펄스 0.280  손실 2.1870
포락 86.67%  정밀 78.12%   평균오차 1.90 dB  (손실 2.1870, 200 회)  [256:81.7 512:79.8 1024:78.3 2048:75.9 4096:74.8]
보정 정밀: 81.36 % (진단값 81.36, 잔여거리 비율 0.58, 잡음비 1.13, 실현 기준 추정 84.2 %, 시간평균 스펙트럼 75.3 %)

대역 에너지 (총합 대비 dB)
             0-0k   0-1k   1-2k   2-3k   3-5k   5-8k  8-12k 12-24k
목표        -0.6  -10.6  -17.1  -24.6  -22.0  -20.4  -24.2  -34.8
합성        -0.5  -11.5  -17.5  -24.5  -24.4  -20.9  -24.9  -34.2

치찰음 지문 (목표 -> 합성)
  무게중심    2591 ->    2520 Hz (-71)   봉우리   1641 ->   2297 Hz (+656)
  치찰도      -7.8 ->    -8.4 dB (-0.6)   대역 MAE 0.81 dB   변조 MAE 11.6 %p
  지글거림(마찰 16%, F0 241 Hz)  F0대역  8.30x  60-150  2.34x  150-400 10.62x   대역레벨 -40.7 -> -42.6 dB
  지글거림(유성 75%, F0 267 Hz)  F0대역  0.90x  60-150  2.26x  150-400  0.81x   대역레벨 -58.7 -> -62.1 dB

움직인 파라미터 (초기 중앙값 -> 적합 중앙값)
  p_sub             6.196 ->      7.674
  adduction         0.393 ->      0.646
  rd_offset         0.000 ->      0.733
  tilt              2.000 ->      2.598
  aspiration        1.000 ->      0.193
  jitter            0.004 ->      0.010
  shimmer           0.030 ->      0.001
  f1              496.147 ->    456.733
  f3             3221.903 ->   3427.667
  f4             4806.123 ->   5138.016
  bw1             101.628 ->     76.330
  bw2             245.120 ->    170.677
  bw3             319.260 ->    226.150
  bw4             435.135 ->   2331.199
  tract_gain        1.000 ->      0.909
  fric_gain         1.000 ->     19.814
  back_leak         0.300 ->      0.323
  velum             0.000 ->      0.000
  nasal_damp        1.000 ->      0.815
  nasal_gain        1.000 ->      5.720

결과: out/L3/s101_target.wav / out/L3/s101_fit.wav / out/L3/s101_track.npz
