잡음 제거: 바닥 -13.5 -> -24.5 dB (−11.0 dB), 정점 -13.6 -> -13.6 dB
구간 0.000~1.420 s, 1420 프레임 × 1.0 ms
  1 단계 전역 32 스칼라 (이득 -39.2 dB)
      lr 0.015 -> 손실 5.0301
      lr 0.030 -> 손실 4.5371
      lr 0.050 -> 손실 4.1355
      lr 0.090 -> 손실 3.8291
      -> lr 0.090 선택
    [   0] 포락  -6.00%  정밀 -48.84%  오차 13.57 dB  펄스 0.967  손실 5.7464
    [  50] 포락  38.35%  정밀  11.10%  오차  7.85 dB  펄스 0.745  손실 3.6558
    [ 100] 포락  56.00%  정밀  48.33%  오차  6.47 dB  펄스 0.742  손실 3.0417
    [ 150] 포락  60.24%  정밀  55.77%  오차  6.10 dB  펄스 0.742  손실 2.8527
    [ 199] 포락  61.15%  정밀  56.64%  오차  6.04 dB  펄스 0.742  손실 2.8204
  2.1 단계  격자 20 ms (71 점)  창 (256, 512)
    [   0] 포락  61.14%  정밀  56.59%  오차  6.03 dB  펄스 0.742  손실 2.8181
    [  50] 포락  81.43%  정밀  74.70%  오차  3.05 dB  펄스 0.941  손실 2.0631
    [  99] 포락  82.68%  정밀  76.14%  오차  2.77 dB  펄스 0.814  손실 1.8582
  2.2 단계  격자 10 ms (142 점)  창 (256, 512, 1024)
    [   0] 포락  82.48%  정밀  70.57%  오차  2.84 dB  펄스 0.816  손실 1.9041
    [  50] 포락  83.57%  정밀  70.47%  오차  2.45 dB  펄스 0.811  손실 1.7588
    [  99] 포락  83.96%  정밀  70.98%  오차  2.36 dB  펄스 0.748  손실 1.6613
  2.3 단계  격자 5 ms (284 점)  창 (256, 512, 1024, 2048)
    [   0] 포락  83.83%  정밀  63.59%  오차  2.40 dB  펄스 0.750  손실 1.7228
    [  50] 포락  85.50%  정밀  65.69%  오차  2.13 dB  펄스 0.686  손실 1.5032
    [  99] 포락  85.82%  정밀  66.35%  오차  2.07 dB  펄스 0.671  손실 1.4596
  2.4 단계  격자 1 ms (1420 점)  창 (256, 512, 1024, 2048, 4096)
    [   0] 포락  85.82%  정밀  60.67%  오차  2.07 dB  펄스 0.671  손실 1.4887
    [  50] 포락  85.83%  정밀  61.58%  오차  1.62 dB  펄스 0.718  손실 1.4492
    [  99] 포락  86.50%  정밀  62.21%  오차  1.43 dB  펄스 0.707  손실 1.3686
  3 단계  위상 (가중 3.0, 800 반복)
    [   0] 포락  86.50%  정밀  62.21%  오차  1.43 dB  펄스 0.707  손실 5.1679
    [  50] 포락  73.97%  정밀  56.60%  오차  3.98 dB  펄스 0.813  손실 6.1690
    [ 100] 포락  70.06%  정밀  54.11%  오차  3.78 dB  펄스 0.898  손실 5.7221
    [ 150] 포락  70.94%  정밀  57.56%  오차  3.44 dB  펄스 0.722  손실 4.9623
    [ 200] 포락  73.40%  정밀  62.43%  오차  3.39 dB  펄스 0.902  손실 4.7951
    [ 250] 포락  76.89%  정밀  67.16%  오차  3.10 dB  펄스 0.770  손실 4.1754
    [ 300] 포락  60.24%  정밀  53.81%  오차  3.26 dB  펄스 1.229  손실 6.6026
    [ 350] 포락  71.38%  정밀  64.33%  오차  2.89 dB  펄스 0.973  손실 5.6301
    [ 400] 포락  81.25%  정밀  72.47%  오차  2.62 dB  펄스 0.552  손실 3.1493
    [ 450] 포락  83.16%  정밀  74.82%  오차  2.55 dB  펄스 0.519  손실 2.9929
    [ 500] 포락  85.11%  정밀  77.26%  오차  1.94 dB  펄스 0.497  손실 2.6046
    [ 550] 포락  83.86%  정밀  76.11%  오차  2.04 dB  펄스 0.500  손실 2.8152
    [ 600] 포락  85.51%  정밀  77.72%  오차  1.76 dB  펄스 0.473  손실 2.3979
    [ 650] 포락  86.08%  정밀  78.42%  오차  1.54 dB  펄스 0.457  손실 2.1582
    [ 700] 포락  86.17%  정밀  78.61%  오차  1.53 dB  펄스 0.469  손실 2.3225
    [ 750] 포락  86.51%  정밀  79.10%  오차  1.46 dB  펄스 0.452  손실 2.0789
    [ 799] 포락  86.62%  정밀  79.31%  오차  1.43 dB  펄스 0.448  손실 2.0088
포락 86.62%  정밀 79.30%   평균오차 1.43 dB  (손실 2.0080, 800 회)  [256:82.6 512:80.6 1024:78.7 2048:77.5 4096:77.1]
보정 정밀: 87.73 % (진단값 87.73, 잔여거리 비율 0.29, 잡음비 1.20, 실현 기준 추정 81.0 %, 시간평균 스펙트럼 6.4 %)

대역 에너지 (총합 대비 dB)
             0-0k   0-1k   1-2k   2-3k   3-5k   5-8k  8-12k 12-24k
목표        -0.6  -10.6  -18.2  -20.7  -25.1  -23.9  -20.8  -25.6
합성        -0.6  -10.3  -18.4  -21.6  -25.3  -24.3  -21.9  -26.9

치찰음 지문 (목표 -> 합성)
  무게중심    1100 ->    1010 Hz (-90)   봉우리   1594 ->   1594 Hz (+0)
  치찰도     -16.2 ->   -17.4 dB (-1.1)   대역 MAE 2.17 dB   변조 MAE 14.7 %p
  지글거림(마찰  4%, F0 297 Hz)  F0대역  9.51x  60-150  2.37x  150-400 14.61x   대역레벨 -38.0 -> -44.1 dB
  지글거림(유성 84%, F0 296 Hz)  F0대역  2.96x  60-150  1.78x  150-400  4.18x   대역레벨 -51.8 -> -56.0 dB

움직인 파라미터 (초기 중앙값 -> 적합 중앙값)
  p_sub             6.751 ->      7.275
  adduction         0.363 ->      0.816
  rd_offset         0.000 ->      1.424
  tilt              2.000 ->      3.083
  aspiration        1.000 ->      0.848
  jitter            0.004 ->      0.010
  shimmer           0.030 ->      0.000
  f2             1821.795 ->   1698.910
  f3             3136.901 ->   2809.644
  f4             4440.345 ->   3770.324
  bw1              91.087 ->     55.024
  bw2             318.549 ->    111.418
  bw3             269.342 ->    162.662
  bw4             358.836 ->    122.420
  tract_gain        1.000 ->      0.909
  fric_gain         1.000 ->    168.594
  back_leak         0.300 ->      0.354
  velum             0.000 ->      0.000
  nasal_damp        1.000 ->      0.918
  nasal_gain        1.000 ->      1.367
  lat_mix           0.050 ->      0.044

결과: out/ph800lr/s040_target.wav / out/ph800lr/s040_fit.wav / out/ph800lr/s040_track.npz
