잡음 제거: 바닥 -9.6 -> -16.5 dB (−6.9 dB), 정점 -20.1 -> -20.2 dB
구간 0.000~1.420 s, 1420 프레임 × 1.0 ms
  1 단계 전역 32 스칼라 (이득 -36.5 dB)
      lr 0.015 -> 손실 5.2946
      lr 0.030 -> 손실 4.7095
      lr 0.050 -> 손실 4.0979
      lr 0.090 -> 손실 3.5994
      -> lr 0.090 선택
    [   0] 포락  -1.47%  정밀 -52.75%  오차 12.13 dB  펄스 1.529  손실 5.9096
    [  50] 포락  51.30%  정밀  31.86%  오차 10.13 dB  펄스 0.480  손실 3.5369
    [ 100] 포락  57.39%  정밀  49.42%  오차  8.85 dB  펄스 0.469  손실 3.1630
    [ 150] 포락  56.71%  정밀  50.59%  오차  8.17 dB  펄스 0.469  손실 3.0448
    [ 199] 포락  56.48%  정밀  50.31%  오차  8.07 dB  펄스 0.469  손실 3.0280
  2.1 단계  격자 20 ms (71 점)  창 (256, 512)
    [   0] 포락  56.48%  정밀  50.30%  오차  8.07 dB  펄스 0.469  손실 3.0278
    [  50] 포락  81.18%  정밀  76.63%  오차  3.54 dB  펄스 0.056  손실 1.2606
    [  99] 포락  82.65%  정밀  77.96%  오차  3.21 dB  펄스 0.036  손실 1.1363
  2.2 단계  격자 10 ms (142 점)  창 (256, 512, 1024)
    [   0] 포락  82.32%  정밀  78.04%  오차  3.30 dB  펄스 0.037  손실 1.1722
    [  50] 포락  86.59%  정밀  82.33%  오차  2.47 dB  펄스 0.028  손실 0.8839
    [  99] 포락  87.63%  정밀  83.32%  오차  2.33 dB  펄스 0.023  손실 0.8245
  2.3 단계  격자 5 ms (284 점)  창 (256, 512, 1024, 2048)
    [   0] 포락  87.57%  정밀  82.41%  오차  2.41 dB  펄스 0.024  손실 0.8510
    [  50] 포락  88.80%  정밀  83.95%  오차  1.94 dB  펄스 0.105  손실 0.7772
    [  99] 포락  89.85%  정밀  84.64%  오차  1.83 dB  펄스 0.084  손실 0.7110
  2.4 단계  격자 1 ms (1420 점)  창 (256, 512, 1024, 2048, 4096)
    [   0] 포락  89.85%  정밀  83.56%  오차  1.83 dB  펄스 0.084  손실 0.7171
    [  50] 포락  92.36%  정밀  85.43%  오차  1.57 dB  펄스 0.067  손실 0.6058
    [  99] 포락  93.14%  정밀  85.94%  오차  1.32 dB  펄스 0.064  손실 0.5212
  3 단계  위상 (가중 3.0, 800 반복)
    [   0] 포락  93.14%  정밀  85.94%  오차  1.32 dB  펄스 0.064  손실 2.4835
    [  50] 포락  61.00%  정밀  53.18%  오차  4.30 dB  펄스 0.864  손실 5.7103
    [ 100] 포락  59.98%  정밀  54.40%  오차  3.74 dB  펄스 0.834  손실 5.4438
    [ 150] 포락  61.06%  정밀  55.76%  오차  3.43 dB  펄스 0.710  손실 5.1744
    [ 200] 포락  71.43%  정밀  65.78%  오차  3.04 dB  펄스 0.428  손실 3.3734
    [ 250] 포락  72.82%  정밀  64.39%  오차  2.96 dB  펄스 0.421  손실 3.4450
    [ 300] 포락  55.85%  정밀  49.44%  오차  3.26 dB  펄스 0.770  손실 5.2690
    [ 350] 포락  81.99%  정밀  74.71%  오차  2.38 dB  펄스 0.209  손실 2.3862
    [ 400] 포락  83.23%  정밀  77.49%  오차  2.15 dB  펄스 0.238  손실 2.2962
    [ 450] 포락  86.81%  정밀  80.62%  오차  1.84 dB  펄스 0.160  손실 1.8804
    [ 500] 포락  86.86%  정밀  80.66%  오차  1.71 dB  펄스 0.146  손실 1.7872
    [ 550] 포락  88.45%  정밀  82.26%  오차  1.51 dB  펄스 0.131  손실 1.5815
    [ 600] 포락  88.95%  정밀  82.68%  오차  1.37 dB  펄스 0.126  손실 1.5139
    [ 650] 포락  89.37%  정밀  83.00%  오차  1.27 dB  펄스 0.122  손실 1.4477
    [ 700] 포락  89.71%  정밀  83.55%  오차  1.19 dB  펄스 0.121  손실 1.3912
    [ 750] 포락  89.85%  정밀  83.73%  오차  1.17 dB  펄스 0.119  손실 1.3720
    [ 799] 포락  89.88%  정밀  83.79%  오차  1.16 dB  펄스 0.119  손실 1.3700
포락 89.90%  정밀 83.80%   평균오차 1.16 dB  (손실 1.3623, 800 회)  [256:86.8 512:85.5 1024:83.9 2048:82.2 4096:80.7]
보정 정밀: 93.27 % (진단값 93.27, 잔여거리 비율 0.12, 잡음비 1.10, 실현 기준 추정 82.1 %, 시간평균 스펙트럼 78.5 %)

대역 에너지 (총합 대비 dB)
             0-0k   0-1k   1-2k   2-3k   3-5k   5-8k  8-12k 12-24k
목표        -0.6  -10.6  -17.1  -24.6  -22.0  -20.4  -24.2  -34.8
합성        -0.5  -11.1  -17.5  -25.1  -22.8  -20.8  -24.2  -34.6

치찰음 지문 (목표 -> 합성)
  무게중심    2591 ->    2593 Hz (+2)   봉우리   1641 ->   1641 Hz (+0)
  치찰도      -7.8 ->    -8.0 dB (-0.2)   대역 MAE 0.40 dB   변조 MAE 7.9 %p
  지글거림(마찰 15%, F0 248 Hz)  F0대역  3.88x  60-150  2.15x  150-400  4.74x   대역레벨 -40.1 -> -41.3 dB
  지글거림(유성 73%, F0 264 Hz)  F0대역  0.92x  60-150  1.56x  150-400  0.91x   대역레벨 -58.9 -> -61.5 dB

움직인 파라미터 (초기 중앙값 -> 적합 중앙값)
  p_sub             6.196 ->     10.118
  adduction         0.393 ->      0.352
  f0_target       267.488 ->    251.388
  rd_offset         0.000 ->      0.623
  tilt              2.000 ->     -3.604
  aspiration        1.000 ->      0.149
  jitter            0.004 ->      0.010
  shimmer           0.030 ->      0.013
  f1              496.147 ->    435.418
  f2             1916.008 ->   1786.214
  f3             3221.903 ->   3047.643
  f4             4806.123 ->   4178.852
  bw1             101.628 ->     59.112
  bw2             245.120 ->     64.596
  bw3             319.260 ->    127.707
  bw4             367.635 ->    107.635
  a_c               3.000 ->      2.091
  fric_gain         1.000 ->     73.969
  velum             0.000 ->      0.000
  nasal_gain        1.000 ->      1.610
  lat_mix           0.050 ->      0.074
  lat_bw          350.000 ->    330.733

결과: out/ph800lr/s101_target.wav / out/ph800lr/s101_fit.wav / out/ph800lr/s101_track.npz
