잡음 제거: 바닥 -13.5 -> -24.5 dB (−11.0 dB), 정점 -13.6 -> -13.6 dB
구간 0.000~1.420 s, 1420 프레임 × 1.0 ms
  1 단계 전역 32 스칼라 (이득 -20.4 dB)
      lr 0.015 -> 손실 6.7176
      lr 0.030 -> 손실 6.1578
      lr 0.050 -> 손실 5.8336
      lr 0.090 -> 손실 5.5782
      -> lr 0.090 선택
    [   0] 포락   2.75%  정밀 -60.44%  오차  9.84 dB  펄스 0.967  손실 8.3831
    [  50] 포락  51.01%  정밀  44.67%  오차  6.75 dB  펄스 0.743  손실 5.4383
    [ 100] 포락  53.16%  정밀  51.09%  오차  6.25 dB  펄스 0.741  손실 5.2286
    [ 150] 포락  54.78%  정밀  52.71%  오차  6.16 dB  펄스 0.741  손실 5.1875
    [ 199] 포락  55.12%  정밀  52.98%  오차  6.21 dB  펄스 0.741  손실 5.1972
  2.1 단계  격자 20 ms (71 점)  창 (256, 512)
    [   0] 포락  54.62%  정밀  52.56%  오차  6.15 dB  펄스 0.741  손실 5.1850
    [  50] 포락  83.15%  정밀  80.33%  오차  3.58 dB  펄스 0.253  손실 1.8826
    [  99] 포락  84.91%  정밀  82.71%  오차  3.21 dB  펄스 0.185  손실 1.5893
  2.2 단계  격자 10 ms (142 점)  창 (256, 512, 1024)
    [   0] 포락  84.60%  정밀  82.01%  오차  3.23 dB  펄스 0.185  손실 1.6190
    [  50] 포락  82.81%  정밀  78.25%  오차  2.91 dB  펄스 0.716  손실 2.8180
    [  99] 포락  81.96%  정밀  77.96%  오차  2.84 dB  펄스 0.612  손실 2.3205
  2.3 단계  격자 5 ms (284 점)  창 (256, 512, 1024, 2048)
    [   0] 포락  84.51%  정밀  81.25%  오차  3.24 dB  펄스 0.186  손실 1.8675
    [  50] 포락  87.54%  정밀  84.69%  오차  2.69 dB  펄스 0.185  손실 1.2842
    [  99] 포락  88.26%  정밀  85.48%  오차  2.58 dB  펄스 0.179  손실 1.1929
  2.4 단계  격자 1 ms (1420 점)  창 (256, 512, 1024, 2048, 4096)
    [   0] 포락  88.25%  정밀  84.73%  오차  2.58 dB  펄스 0.179  손실 1.1967
    [  50] 포락  87.63%  정밀  84.61%  오차  2.26 dB  펄스 0.186  손실 1.2626
    [  99] 포락  88.38%  정밀  85.43%  오차  2.11 dB  펄스 0.173  손실 1.0679
  3 단계  위상 (가중 3.0, 200 반복)
      lr 0.050 -> 손실 3.0683
      lr 0.120 -> 손실 3.0683
      lr 0.250 -> 손실 3.0683
      -> lr 0.050 선택
    [   0] 포락  88.37%  정밀  85.42%  오차  2.12 dB  펄스 0.173  손실 3.0683
    [  50] 포락  81.27%  정밀  76.78%  오차  2.41 dB  펄스 0.813  손실 6.4846
    [ 100] 포락  82.90%  정밀  79.08%  오차  2.11 dB  펄스 0.346  손실 4.2115
    [ 150] 포락  83.94%  정밀  80.23%  오차  2.01 dB  펄스 0.300  손실 3.6562
    [ 199] 포락  84.81%  정밀  81.15%  오차  1.93 dB  펄스 0.305  손실 3.0964
포락 88.37%  정밀 85.42%   평균오차 2.12 dB  (손실 3.0683, 200 회)  [256:86.6 512:87.7 1024:86.2 2048:84.3 4096:82.4]
보정 정밀: 86.52 % (진단값 86.52, 잔여거리 비율 0.66, 잡음비 1.01, 실현 기준 추정 90.4 %, 시간평균 스펙트럼 72.6 %)

대역 에너지 (총합 대비 dB)
             0-0k   0-1k   1-2k   2-3k   3-5k   5-8k  8-12k 12-24k
목표        -0.6  -10.6  -18.2  -20.7  -25.1  -23.9  -20.8  -25.6
합성        -0.6  -10.5  -18.4  -21.6  -26.5  -23.6  -21.6  -25.4

치찰음 지문 (목표 -> 합성)
  무게중심    1100 ->    1056 Hz (-44)   봉우리   1594 ->   1594 Hz (+0)
  치찰도     -16.2 ->   -17.0 dB (-0.7)   대역 MAE 0.54 dB   변조 MAE 9.0 %p
  지글거림(마찰 11%, F0 311 Hz)  F0대역  3.22x  60-150  2.44x  150-400  6.63x   대역레벨 -39.5 -> -40.6 dB
  지글거림(유성 87%, F0 293 Hz)  F0대역  2.15x  60-150  1.04x  150-400  2.17x   대역레벨 -52.9 -> -55.0 dB

움직인 파라미터 (초기 중앙값 -> 적합 중앙값)
  p_sub             6.751 ->      7.925
  adduction         0.363 ->      0.655
  rd_offset         0.000 ->      1.326
  tilt              2.000 ->      6.037
  aspiration        1.000 ->      0.290
  jitter            0.004 ->      0.010
  shimmer           0.030 ->      0.002
  f1              541.018 ->    579.711
  f2             1821.795 ->   1998.823
  f3             3136.901 ->   3341.045
  bw1              91.087 ->    187.125
  bw3             273.772 ->    582.943
  bw4             425.913 ->   2373.695
  tract_gain        1.000 ->      0.834
  fric_gain         1.000 ->      8.175
  back_leak         0.300 ->      0.367
  nasal_damp        1.000 ->      0.669
  nasal_gain        1.000 ->      2.708
  lat_mix           0.050 ->      0.055
  lat_bw          350.000 ->    385.760

결과: out/L5/s040_target.wav / out/L5/s040_fit.wav / out/L5/s040_track.npz
