잡음 제거: 바닥 -9.6 -> -16.5 dB (−6.9 dB), 정점 -20.1 -> -20.2 dB
구간 0.000~1.420 s, 1420 프레임 × 1.0 ms
  1 단계 전역 32 스칼라 (이득 -29.3 dB)
      lr 0.015 -> 손실 6.5942
      lr 0.030 -> 손실 6.0295
      lr 0.050 -> 손실 5.5419
      lr 0.090 -> 손실 5.0497
      -> lr 0.090 선택
    [   0] 포락  17.00%  정밀 -16.10%  오차 10.11 dB  펄스 1.529  손실 7.6604
    [  50] 포락  44.72%  정밀  41.45%  오차 10.02 dB  펄스 0.478  손실 4.9586
    [ 100] 포락  46.61%  정밀  42.77%  오차  9.78 dB  펄스 0.470  손실 4.8992
    [ 150] 포락  46.18%  정밀  43.12%  오차  9.46 dB  펄스 0.470  손실 4.8208
    [ 199] 포락  46.03%  정밀  43.10%  오차  9.26 dB  펄스 0.470  손실 4.7827
  2.1 단계  격자 20 ms (71 점)  창 (256, 512)
    [   0] 포락  46.03%  정밀  43.10%  오차  9.26 dB  펄스 0.470  손실 4.7827
    [  50] 포락  78.04%  정밀  74.70%  오차  5.00 dB  펄스 0.114  손실 2.0594
    [  99] 포락  80.41%  정밀  77.08%  오차  4.64 dB  펄스 0.098  손실 1.8538
  2.2 단계  격자 10 ms (142 점)  창 (256, 512, 1024)
    [   0] 포락  80.31%  정밀  76.13%  오차  4.70 dB  펄스 0.099  손실 1.9278
    [  50] 포락  81.95%  정밀  78.43%  오차  3.83 dB  펄스 0.178  손실 1.7101
    [  99] 포락  82.93%  정밀  79.45%  오차  3.68 dB  펄스 0.164  손실 1.5978
  2.3 단계  격자 5 ms (284 점)  창 (256, 512, 1024, 2048)
    [   0] 포락  82.93%  정밀  78.27%  오차  3.73 dB  펄스 0.164  손실 1.6608
    [  50] 포락  84.34%  정밀  80.32%  오차  3.21 dB  펄스 0.152  손실 1.3991
    [  99] 포락  85.10%  정밀  80.99%  오차  3.08 dB  펄스 0.146  손실 1.3231
  2.4 단계  격자 1 ms (1420 점)  창 (256, 512, 1024, 2048, 4096)
    [   0] 포락  85.10%  정밀  79.94%  오차  3.08 dB  펄스 0.146  손실 1.3291
    [  50] 포락  86.24%  정밀  81.23%  오차  2.62 dB  펄스 0.138  손실 1.1667
    [  99] 포락  86.99%  정밀  81.84%  오차  2.48 dB  펄스 0.135  손실 1.1033
  3 단계  위상 (가중 3.0, 200 반복)
      lr 0.050 -> 손실 2.7412
      lr 0.120 -> 손실 2.7412
      lr 0.250 -> 손실 2.7412
      -> lr 0.050 선택
    [   0] 포락  86.99%  정밀  81.84%  오차  2.48 dB  펄스 0.135  손실 2.7412
    [  50] 포락  76.38%  정밀  72.19%  오차  2.82 dB  펄스 0.493  손실 5.6537
    [ 100] 포락  82.79%  정밀  77.74%  오차  2.44 dB  펄스 0.171  손실 2.9096
    [ 150] 포락  87.12%  정밀  81.51%  오차  2.08 dB  펄스 0.146  손실 2.2308
    [ 199] 포락  87.99%  정밀  82.47%  오차  1.99 dB  펄스 0.136  손실 1.9981
포락 87.99%  정밀 82.47%   평균오차 1.99 dB  (손실 1.9981, 200 회)  [256:85.1 512:84.4 1024:82.9 2048:80.9 4096:79.2]
보정 정밀: 85.76 % (진단값 85.76, 잔여거리 비율 0.48, 잡음비 1.02, 실현 기준 추정 85.2 %, 시간평균 스펙트럼 77.2 %)

대역 에너지 (총합 대비 dB)
             0-0k   0-1k   1-2k   2-3k   3-5k   5-8k  8-12k 12-24k
목표        -0.6  -10.6  -17.1  -24.6  -22.0  -20.4  -24.2  -34.8
합성        -0.6  -10.7  -17.5  -24.5  -24.5  -20.9  -24.8  -34.3

치찰음 지문 (목표 -> 합성)
  무게중심    2591 ->    2481 Hz (-110)   봉우리   1641 ->   2297 Hz (+656)
  치찰도      -7.8 ->    -8.5 dB (-0.7)   대역 MAE 0.79 dB   변조 MAE 10.4 %p
  지글거림(마찰 17%, F0 241 Hz)  F0대역  6.64x  60-150  3.91x  150-400  7.71x   대역레벨 -40.7 -> -42.4 dB
  지글거림(유성 74%, F0 274 Hz)  F0대역  1.08x  60-150  1.75x  150-400  1.01x   대역레벨 -58.7 -> -61.6 dB

움직인 파라미터 (초기 중앙값 -> 적합 중앙값)
  p_sub             6.196 ->      7.417
  adduction         0.393 ->      0.719
  rd_offset         0.000 ->      0.729
  tilt              2.000 ->      2.627
  aspiration        1.000 ->      0.215
  jitter            0.004 ->      0.010
  shimmer           0.030 ->      0.001
  f1              496.147 ->    431.555
  f3             3221.903 ->   3433.916
  f4             4806.123 ->   5128.433
  bw1             101.628 ->     74.774
  bw2             245.120 ->    196.829
  bw3             319.260 ->    250.719
  bw4             435.135 ->   2350.639
  tract_gain        1.000 ->      0.939
  fric_gain         1.000 ->     23.277
  back_leak         0.300 ->      0.324
  velum             0.000 ->      0.000
  nasal_damp        1.000 ->      0.812
  nasal_gain        1.000 ->      5.962

결과: out/L5/s101_target.wav / out/L5/s101_fit.wav / out/L5/s101_track.npz
