잡음 제거: 바닥 -13.5 -> -24.5 dB (−11.0 dB), 정점 -13.6 -> -13.6 dB
구간 0.000~1.420 s, 1420 프레임 × 1.0 ms
  1 단계 전역 32 스칼라 (이득 -39.2 dB)
      lr 0.015 -> 손실 5.0642
      lr 0.030 -> 손실 4.5663
      lr 0.050 -> 손실 4.1558
      lr 0.090 -> 손실 3.8481
      -> lr 0.090 선택
    [   0] 포락  -6.00%  정밀 -48.84%  오차 13.57 dB  펄스 0.967  손실 5.7833
    [  50] 포락  38.37%  정밀  10.87%  오차  7.87 dB  펄스 0.745  손실 3.6721
    [ 100] 포락  55.64%  정밀  47.23%  오차  6.49 dB  펄스 0.742  손실 3.0787
    [ 150] 포락  59.47%  정밀  54.96%  오차  6.17 dB  펄스 0.742  손실 2.9179
    [ 199] 포락  60.53%  정밀  56.16%  오차  6.07 dB  펄스 0.742  손실 2.8775
  2.1 단계  격자 20 ms (71 점)  창 (256, 512)
    [   0] 포락  60.53%  정밀  56.16%  오차  6.07 dB  펄스 0.742  손실 2.8775
    [  50] 포락  84.19%  정밀  80.88%  오차  3.03 dB  펄스 0.099  손실 1.2155
    [  99] 포락  84.82%  정밀  81.77%  오차  2.77 dB  펄스 0.062  손실 1.1083
  2.2 단계  격자 10 ms (142 점)  창 (256, 512, 1024)
    [   0] 포락  84.63%  정밀  81.45%  오차  2.84 dB  펄스 0.060  손실 1.1294
    [  50] 포락  85.88%  정밀  82.69%  오차  2.46 dB  펄스 0.150  손실 1.0674
    [  99] 포락  86.50%  정밀  82.99%  오차  2.39 dB  펄스 0.128  손실 1.0104
  2.3 단계  격자 5 ms (284 점)  창 (256, 512, 1024, 2048)
    [   0] 포락  86.34%  정밀  81.59%  오차  2.43 dB  펄스 0.128  손실 1.0298
    [  50] 포락  88.19%  정밀  83.33%  오차  2.13 dB  펄스 0.109  손실 0.8509
    [  99] 포락  88.43%  정밀  83.60%  오차  2.06 dB  펄스 0.103  손실 0.8118
  2.4 단계  격자 1 ms (1420 점)  창 (256, 512, 1024, 2048, 4096)
    [   0] 포락  88.43%  정밀  81.83%  오차  2.06 dB  펄스 0.103  손실 0.8212
    [  50] 포락  90.20%  정밀  83.41%  오차  1.58 dB  펄스 0.097  손실 0.6883
    [  99] 포락  90.89%  정밀  83.78%  오차  1.41 dB  펄스 0.095  손실 0.6172
  3 단계  위상 (가중 3.0, 200 반복)
      lr 0.050 -> 손실 4.7856
      lr 0.120 -> 손실 4.7856
      lr 0.250 -> 손실 4.7856
      -> lr 0.050 선택
    [   0] 포락  90.89%  정밀  83.78%  오차  1.41 dB  펄스 0.095  손실 4.7856
    [  50] 포락  83.60%  정밀  76.64%  오차  2.88 dB  펄스 0.793  손실 4.8039
    [ 100] 포락  90.48%  정밀  82.06%  오차  2.27 dB  펄스 0.348  손실 2.8851
    [ 150] 포락  91.73%  정밀  83.29%  오차  1.66 dB  펄스 0.290  손실 2.3128
    [ 199] 포락  92.40%  정밀  84.08%  오차  1.46 dB  펄스 0.291  손실 1.9448
포락 92.40%  정밀 84.08%   평균오차 1.46 dB  (손실 1.9448, 200 회)  [256:88.3 512:87.0 1024:84.6 2048:81.4 4096:79.0]
보정 정밀: 95.03 % (진단값 95.03, 잔여거리 비율 0.11, 잡음비 1.02, 실현 기준 추정 83.5 %, 시간평균 스펙트럼 -9.4 %)

대역 에너지 (총합 대비 dB)
             0-0k   0-1k   1-2k   2-3k   3-5k   5-8k  8-12k 12-24k
목표        -0.6  -10.6  -18.2  -20.7  -25.1  -23.9  -20.8  -25.6
합성        -0.6  -10.6  -18.7  -21.0  -25.1  -22.7  -22.4  -29.9

치찰음 지문 (목표 -> 합성)
  무게중심    1100 ->    1024 Hz (-75)   봉우리   1594 ->   1594 Hz (+0)
  치찰도     -16.2 ->   -16.8 dB (-0.6)   대역 MAE 2.73 dB   변조 MAE 12.3 %p
  지글거림(마찰  6%, F0 316 Hz)  F0대역  7.84x  60-150  1.01x  150-400 11.03x   대역레벨 -38.2 -> -41.7 dB
  지글거림(유성 84%, F0 296 Hz)  F0대역  1.70x  60-150  1.99x  150-400  1.36x   대역레벨 -52.3 -> -54.8 dB

움직인 파라미터 (초기 중앙값 -> 적합 중앙값)
  p_sub             6.751 ->      4.673
  adduction         0.363 ->      0.903
  rd_offset         0.000 ->      1.362
  tilt              2.000 ->      3.823
  aspiration        1.000 ->      0.199
  jitter            0.004 ->      0.010
  shimmer           0.030 ->      0.009
  f1              541.018 ->    578.054
  f2             1821.795 ->   1933.363
  f4             4440.345 ->   4176.794
  bw1              91.087 ->    189.939
  bw2             318.549 ->    149.593
  bw3             269.342 ->    289.601
  bw4             358.836 ->    311.784
  tract_gain        1.000 ->      0.854
  fric_gain         1.000 ->    117.887
  velum             0.000 ->      0.000
  nasal_damp        1.000 ->      1.113
  nasal_gain        1.000 ->      0.695
  lat_mix           0.050 ->      0.043
  lat_bw          350.000 ->    327.479

결과: out/sharp1/s040_target.wav / out/sharp1/s040_fit.wav / out/sharp1/s040_track.npz
