잡음 제거: 바닥 -9.6 -> -16.5 dB (−6.9 dB), 정점 -20.1 -> -20.2 dB
구간 0.000~1.420 s, 1420 프레임 × 1.0 ms
  1 단계 전역 32 스칼라 (이득 -36.5 dB)
      lr 0.015 -> 손실 5.3190
      lr 0.030 -> 손실 4.7299
      lr 0.050 -> 손실 4.1144
      lr 0.090 -> 손실 3.6057
      -> lr 0.090 선택
    [   0] 포락  -1.47%  정밀 -52.75%  오차 12.13 dB  펄스 1.529  손실 5.9382
    [  50] 포락  51.49%  정밀  32.20%  오차 10.15 dB  펄스 0.480  손실 3.5441
    [ 100] 포락  58.14%  정밀  49.78%  오차  8.88 dB  펄스 0.469  손실 3.1608
    [ 150] 포락  57.28%  정밀  51.16%  오차  8.12 dB  펄스 0.469  손실 3.0346
    [ 199] 포락  57.24%  정밀  51.12%  오차  8.04 dB  펄스 0.469  손실 3.0216
  2.1 단계  격자 20 ms (71 점)  창 (256, 512)
    [   0] 포락  57.24%  정밀  51.12%  오차  8.04 dB  펄스 0.469  손실 3.0216
    [  50] 포락  81.67%  정밀  76.63%  오차  3.68 dB  펄스 0.151  손실 1.4137
    [  99] 포락  82.50%  정밀  77.39%  오차  3.43 dB  펄스 0.102  손실 1.2846
  2.2 단계  격자 10 ms (142 점)  창 (256, 512, 1024)
    [   0] 포락  82.29%  정밀  77.34%  오차  3.47 dB  펄스 0.103  손실 1.3104
    [  50] 포락  86.99%  정밀  81.79%  오차  2.54 dB  펄스 0.074  손실 0.9753
    [  99] 포락  87.73%  정밀  82.48%  오차  2.40 dB  펄스 0.067  손실 0.9201
  2.3 단계  격자 5 ms (284 점)  창 (256, 512, 1024, 2048)
    [   0] 포락  87.64%  정밀  80.95%  오차  2.51 dB  펄스 0.068  손실 0.9491
    [  50] 포락  88.23%  정밀  81.64%  오차  2.03 dB  펄스 0.181  손실 0.9190
    [  99] 포락  88.89%  정밀  81.70%  오차  1.94 dB  펄스 0.147  손실 0.8386
  2.4 단계  격자 1 ms (1420 점)  창 (256, 512, 1024, 2048, 4096)
    [   0] 포락  88.89%  정밀  79.93%  오차  1.94 dB  펄스 0.147  손실 0.8481
    [  50] 포락  90.83%  정밀  80.92%  오차  1.72 dB  펄스 0.133  손실 0.7574
    [  99] 포락  92.13%  정밀  81.69%  오차  1.44 dB  펄스 0.129  손실 0.6490
  3 단계  위상 (가중 3.0, 200 반복)
      lr 0.050 -> 손실 2.6923
      lr 0.120 -> 손실 2.6923
      lr 0.250 -> 손실 2.6923
      -> lr 0.050 선택
    [   0] 포락  92.13%  정밀  81.69%  오차  1.44 dB  펄스 0.129  손실 2.6923
    [  50] 포락  78.47%  정밀  68.33%  오차  3.45 dB  펄스 0.510  손실 4.2224
    [ 100] 포락  84.44%  정밀  74.87%  오차  2.49 dB  펄스 0.419  손실 3.3344
    [ 150] 포락  89.44%  정밀  79.56%  오차  1.78 dB  펄스 0.290  손실 2.1007
    [ 199] 포락  90.48%  정밀  80.43%  오차  1.43 dB  펄스 0.283  손실 1.8357
포락 90.47%  정밀 80.42%   평균오차 1.43 dB  (손실 1.8328, 200 회)  [256:86.8 512:84.8 1024:80.7 2048:76.1 4096:73.7]
보정 정밀: 85.41 % (진단값 85.41, 잔여거리 비율 0.41, 잡음비 1.07, 실현 기준 추정 83.0 %, 시간평균 스펙트럼 77.7 %)

대역 에너지 (총합 대비 dB)
             0-0k   0-1k   1-2k   2-3k   3-5k   5-8k  8-12k 12-24k
목표        -0.6  -10.6  -17.1  -24.6  -22.0  -20.4  -24.2  -34.8
합성        -0.6  -11.2  -16.8  -24.9  -21.8  -20.8  -24.1  -34.6

치찰음 지문 (목표 -> 합성)
  무게중심    2591 ->    2593 Hz (+2)   봉우리   1641 ->   1688 Hz (+47)
  치찰도      -7.8 ->    -8.0 dB (-0.2)   대역 MAE 0.38 dB   변조 MAE 5.5 %p
  지글거림(마찰 15%, F0 242 Hz)  F0대역  3.80x  60-150  1.35x  150-400  4.25x   대역레벨 -40.2 -> -41.3 dB
  지글거림(유성 75%, F0 278 Hz)  F0대역  0.70x  60-150  3.25x  150-400  0.64x   대역레벨 -58.0 -> -59.3 dB

움직인 파라미터 (초기 중앙값 -> 적합 중앙값)
  p_sub             6.196 ->      8.354
  adduction         0.393 ->      0.424
  rd_offset         0.000 ->      0.652
  tilt              2.000 ->      0.858
  aspiration        1.000 ->      0.046
  jitter            0.004 ->      0.009
  shimmer           0.030 ->      0.003
  f1              496.147 ->    469.708
  bw2             245.120 ->     84.733
  bw3             319.260 ->     87.420
  bw4             367.635 ->    114.429
  tract_gain        1.000 ->      0.944
  a_c               3.000 ->      2.787
  fric_gain         1.000 ->     20.392
  back_leak         0.300 ->      0.245
  velum             0.000 ->      0.000
  nasal_damp        1.000 ->      1.165
  nasal_gain        1.000 ->      1.086
  lat_mix           0.050 ->      0.066
  lat_bw          350.000 ->    329.715

결과: out/sharp1/s101_target.wav / out/sharp1/s101_fit.wav / out/sharp1/s101_track.npz
