잡음 제거: 바닥 -13.5 -> -24.5 dB (−11.0 dB), 정점 -13.6 -> -13.6 dB
구간 0.000~1.420 s, 1420 프레임 × 1.0 ms
  1 단계 전역 32 스칼라 (이득 -20.4 dB)
      lr 0.015 -> 손실 6.5660
      lr 0.030 -> 손실 5.9509
      lr 0.050 -> 손실 5.6756
      lr 0.090 -> 손실 5.4356
      -> lr 0.090 선택
    [   0] 포락   2.75%  정밀 -60.44%  오차  9.84 dB  펄스 0.967  손실 8.3831
    [  50] 포락  50.41%  정밀  46.55%  오차  6.67 dB  펄스 0.743  손실 5.3466
    [ 100] 포락  51.12%  정밀  49.21%  오차  6.37 dB  펄스 0.742  손실 5.2202
    [ 150] 포락  52.14%  정밀  50.28%  오차  6.25 dB  펄스 0.741  손실 5.1832
    [ 199] 포락  52.68%  정밀  50.78%  오차  6.22 dB  펄스 0.741  손실 5.1676
  2.1 단계  격자 20 ms (71 점)  창 (256, 512)
    [   0] 포락  52.68%  정밀  50.78%  오차  6.22 dB  펄스 0.741  손실 5.1676
    [  50] 포락  82.38%  정밀  79.73%  오차  3.70 dB  펄스 0.270  손실 2.0279
    [  99] 포락  83.92%  정밀  81.51%  오차  3.34 dB  펄스 0.184  손실 1.6819
  2.2 단계  격자 10 ms (142 점)  창 (256, 512, 1024)
    [   0] 포락  83.61%  정밀  80.83%  오차  3.39 dB  펄스 0.183  손실 1.7148
    [  50] 포락  79.16%  정밀  76.02%  오차  3.08 dB  펄스 0.686  손실 2.6541
    [  99] 포락  79.16%  정밀  75.89%  오차  2.93 dB  펄스 0.610  손실 2.3038
  2.3 단계  격자 5 ms (284 점)  창 (256, 512, 1024, 2048)
    [   0] 포락  83.53%  정밀  80.10%  오차  3.41 dB  펄스 0.183  손실 1.7256
    [  50] 포락  87.39%  정밀  84.68%  오차  2.77 dB  펄스 0.127  손실 1.3211
    [  99] 포락  88.24%  정밀  85.52%  오차  2.62 dB  펄스 0.122  손실 1.2021
  2.4 단계  격자 1 ms (1420 점)  창 (256, 512, 1024, 2048, 4096)
    [   0] 포락  88.24%  정밀  84.90%  오차  2.62 dB  펄스 0.122  손실 1.2061
    [  50] 포락  90.70%  정밀  87.16%  오차  2.25 dB  펄스 0.110  손실 1.0067
    [  99] 포락  91.34%  정밀  87.68%  오차  2.11 dB  펄스 0.109  손실 0.9359
  3 단계  위상 (가중 3.0, 200 반복)
      lr 0.050 -> 손실 2.8844
      lr 0.120 -> 손실 2.8844
      lr 0.250 -> 손실 2.8844
      -> lr 0.050 선택
    [   0] 포락  91.34%  정밀  87.68%  오차  2.11 dB  펄스 0.109  손실 2.8844
    [  50] 포락  85.16%  정밀  76.88%  오차  2.29 dB  펄스 0.488  손실 4.6142
    [ 100] 포락  90.19%  정밀  82.47%  오차  1.94 dB  펄스 0.397  손실 2.8069
    [ 150] 포락  90.80%  정밀  83.75%  오차  1.82 dB  펄스 0.358  손실 2.2628
    [ 199] 포락  91.02%  정밀  84.01%  오차  1.78 dB  펄스 0.355  손실 2.1327
포락 91.03%  정밀 84.05%   평균오차 1.77 dB  (손실 2.0969, 200 회)  [256:88.0 512:86.2 1024:83.6 2048:81.8 4096:80.7]
보정 정밀: 92.23 % (진단값 92.23, 잔여거리 비율 0.21, 잡음비 1.03, 실현 기준 추정 84.4 %, 시간평균 스펙트럼 72.1 %)

대역 에너지 (총합 대비 dB)
             0-0k   0-1k   1-2k   2-3k   3-5k   5-8k  8-12k 12-24k
목표        -0.6  -10.6  -18.2  -20.7  -25.1  -23.9  -20.8  -25.6
합성        -0.6  -10.7  -18.6  -22.1  -25.9  -24.3  -21.5  -25.6

치찰음 지문 (목표 -> 합성)
  무게중심    1100 ->    1050 Hz (-50)   봉우리   1594 ->   1594 Hz (+0)
  치찰도     -16.2 ->   -17.2 dB (-0.9)   대역 MAE 0.71 dB   변조 MAE 10.2 %p
  지글거림(마찰 11%, F0 306 Hz)  F0대역  3.03x  60-150  3.12x  150-400  7.16x   대역레벨 -39.3 -> -40.4 dB
  지글거림(유성 86%, F0 291 Hz)  F0대역  2.24x  60-150  2.90x  150-400  2.43x   대역레벨 -53.0 -> -55.8 dB

움직인 파라미터 (초기 중앙값 -> 적합 중앙값)
  p_sub             6.751 ->      8.999
  adduction         0.363 ->      0.586
  rd_offset         0.000 ->      1.236
  tilt              2.000 ->      5.976
  aspiration        1.000 ->      0.255
  jitter            0.004 ->      0.010
  shimmer           0.030 ->      0.011
  f1              541.018 ->    573.333
  f2             1821.795 ->   1972.790
  f3             3136.901 ->   3327.496
  bw1              91.087 ->    128.913
  bw2             318.549 ->    262.378
  bw3             273.772 ->    476.729
  bw4             425.913 ->   2188.435
  tract_gain        1.000 ->      0.813
  fric_gain         1.000 ->      7.844
  back_leak         0.300 ->      0.492
  velum             0.000 ->      0.000
  nasal_damp        1.000 ->      0.853
  nasal_gain        1.000 ->      5.420
  lat_mix           0.050 ->      0.054
  lat_bw          350.000 ->    379.439

결과: out/L6/s040_target.wav / out/L6/s040_fit.wav / out/L6/s040_track.npz
