잡음 제거: 바닥 -9.6 -> -16.5 dB (−6.9 dB), 정점 -20.1 -> -20.2 dB
구간 0.000~1.420 s, 1420 프레임 × 1.0 ms
  1 단계 전역 32 스칼라 (이득 -29.3 dB)
      lr 0.015 -> 손실 6.5228
      lr 0.030 -> 손실 6.0238
      lr 0.050 -> 손실 5.5728
      lr 0.090 -> 손실 5.0673
      -> lr 0.090 선택
    [   0] 포락  17.00%  정밀 -16.10%  오차 10.11 dB  펄스 1.529  손실 7.6604
    [  50] 포락  45.61%  정밀  42.48%  오차  9.89 dB  펄스 0.477  손실 4.9729
    [ 100] 포락  46.50%  정밀  43.33%  오차  9.85 dB  펄스 0.470  손실 4.9295
    [ 150] 포락  45.95%  정밀  43.13%  오차  9.57 dB  펄스 0.470  손실 4.8508
    [ 199] 포락  45.98%  정밀  43.15%  오차  9.29 dB  펄스 0.470  손실 4.7906
  2.1 단계  격자 20 ms (71 점)  창 (256, 512)
    [   0] 포락  45.98%  정밀  43.15%  오차  9.29 dB  펄스 0.470  손실 4.7906
    [  50] 포락  79.67%  정밀  76.67%  오차  4.42 dB  펄스 0.094  손실 1.7313
    [  99] 포락  82.00%  정밀  78.90%  오차  4.08 dB  펄스 0.030  손실 1.5477
  2.2 단계  격자 10 ms (142 점)  창 (256, 512, 1024)
    [   0] 포락  81.76%  정밀  78.06%  오차  4.15 dB  펄스 0.030  손실 1.5961
    [  50] 포락  80.06%  정밀  77.63%  오차  3.20 dB  펄스 0.248  손실 1.8433
    [  99] 포락  81.04%  정밀  78.65%  오차  3.04 dB  펄스 0.221  손실 1.6978
  2.3 단계  격자 5 ms (284 점)  창 (256, 512, 1024, 2048)
    [   0] 포락  81.68%  정밀  77.24%  오차  4.17 dB  펄스 0.030  손실 1.5938
    [  50] 포락  86.69%  정밀  81.90%  오차  2.96 dB  펄스 0.026  손실 1.0825
    [  99] 포락  87.50%  정밀  82.75%  오차  2.73 dB  펄스 0.023  손실 0.9998
  2.4 단계  격자 1 ms (1420 점)  창 (256, 512, 1024, 2048, 4096)
    [   0] 포락  87.49%  정밀  81.86%  오차  2.73 dB  펄스 0.023  손실 1.0047
    [  50] 포락  90.72%  정밀  84.81%  오차  2.12 dB  펄스 0.022  손실 0.8118
    [  99] 포락  91.47%  정밀  85.48%  오차  1.89 dB  펄스 0.021  손실 0.7352
  3 단계  위상 (가중 3.0, 200 반복)
      lr 0.050 -> 손실 2.1628
      lr 0.120 -> 손실 2.1628
      lr 0.250 -> 손실 2.1628
      -> lr 0.050 선택
    [   0] 포락  91.47%  정밀  85.48%  오차  1.89 dB  펄스 0.021  손실 2.1628
    [  50] 포락  57.86%  정밀  49.94%  오차  2.96 dB  펄스 0.871  손실 5.9268
    [ 100] 포락  69.30%  정밀  60.60%  오차  2.52 dB  펄스 0.809  손실 4.3497
    [ 150] 포락  75.28%  정밀  67.03%  오차  2.25 dB  펄스 0.786  손실 3.7070
    [ 199] 포락  76.98%  정밀  69.31%  오차  2.17 dB  펄스 0.779  손실 3.3652
포락 91.47%  정밀 85.48%   평균오차 1.89 dB  (손실 2.1628, 200 회)  [256:88.3 512:87.8 1024:86.1 2048:83.6 4096:81.6]
보정 정밀: 90.13 % (진단값 90.13, 잔여거리 비율 0.31, 잡음비 0.97, 실현 기준 추정 85.4 %, 시간평균 스펙트럼 66.6 %)

대역 에너지 (총합 대비 dB)
             0-0k   0-1k   1-2k   2-3k   3-5k   5-8k  8-12k 12-24k
목표        -0.6  -10.6  -17.1  -24.6  -22.0  -20.4  -24.2  -34.8
합성        -0.5  -11.1  -16.8  -24.5  -23.8  -20.6  -24.3  -35.2

치찰음 지문 (목표 -> 합성)
  무게중심    2591 ->    2486 Hz (-105)   봉우리   1641 ->   1688 Hz (+47)
  치찰도      -7.8 ->    -8.4 dB (-0.6)   대역 MAE 0.95 dB   변조 MAE 5.7 %p
  지글거림(마찰 15%, F0 250 Hz)  F0대역  3.25x  60-150  2.31x  150-400  3.72x   대역레벨 -40.4 -> -41.6 dB
  지글거림(유성 77%, F0 273 Hz)  F0대역  1.35x  60-150  1.24x  150-400  1.20x   대역레벨 -58.1 -> -60.9 dB

움직인 파라미터 (초기 중앙값 -> 적합 중앙값)
  p_sub             6.196 ->      7.691
  adduction         0.393 ->      0.690
  rd_offset         0.000 ->      0.502
  tilt              2.000 ->      1.280
  aspiration        1.000 ->      0.151
  jitter            0.004 ->      0.010
  shimmer           0.030 ->      0.004
  f1              496.147 ->    462.681
  f2             1916.008 ->   2024.079
  f3             3221.903 ->   3398.209
  bw1             101.628 ->    112.346
  bw2             245.120 ->    181.466
  bw3             319.260 ->    231.637
  bw4             435.135 ->   1711.681
  fric_gain         1.000 ->     25.980
  nasal_damp        1.000 ->      0.603
  nasal_gain        1.000 ->      3.826
  lat_mix           0.050 ->      0.054
  lat_bw          350.000 ->    374.893

결과: out/L6/s101_target.wav / out/L6/s101_fit.wav / out/L6/s101_track.npz
