잡음 제거: 바닥 -13.5 -> -24.5 dB (−11.0 dB), 정점 -13.6 -> -13.6 dB
구간 0.000~1.420 s, 1420 프레임 × 1.0 ms
  1 단계 전역 40 스칼라 (이득 -23.4 dB)
      lr 0.015 -> 손실 4.1817
      lr 0.030 -> 손실 3.8184
      lr 0.050 -> 손실 3.7038
      lr 0.090 -> 손실 3.6426
      -> lr 0.090 선택
    [   0] 포락  11.23%  정밀 -38.03%  오차 11.43 dB  펄스 0.967  손실 5.1036
    [  50] 포락  49.93%  정밀  36.70%  오차  8.05 dB  펄스 0.745  손실 3.4298
    [ 100] 포락  59.46%  정밀  52.81%  오차  6.83 dB  펄스 0.743  손실 3.0227
    [ 150] 포락  59.64%  정밀  52.84%  오차  6.82 dB  펄스 0.742  손실 3.0205
    [ 199] 포락  59.62%  정밀  52.76%  오차  6.82 dB  펄스 0.742  손실 3.0204
  2.1 단계  격자 20 ms (71 점)  창 (256, 512)
    [   0] 포락  58.96%  정밀  51.67%  오차  6.77 dB  펄스 0.743  손실 3.0185
    [  50] 포락  83.07%  정밀  80.67%  오차  2.87 dB  펄스 0.159  손실 1.2378
    [  99] 포락  84.05%  정밀  81.99%  오차  2.46 dB  펄스 0.126  손실 1.0884
  2.2 단계  격자 10 ms (142 점)  창 (256, 512, 1024)
    [   0] 포락  83.97%  정밀  81.83%  오차  2.60 dB  펄스 0.127  손실 1.1256
    [  50] 포락  87.27%  정밀  82.10%  오차  2.02 dB  펄스 0.636  손실 1.4197
    [  99] 포락  87.89%  정밀  82.46%  오차  1.87 dB  펄스 0.528  손실 1.2569
  2.3 단계  격자 5 ms (284 점)  창 (256, 512, 1024, 2048)
    [   0] 포락  83.56%  정밀  80.73%  오차  2.61 dB  펄스 0.128  손실 1.1354
    [  50] 포락  86.61%  정밀  84.28%  오차  2.09 dB  펄스 0.057  손실 0.8007
    [  99] 포락  87.45%  정밀  85.33%  오차  1.84 dB  펄스 0.047  손실 0.7037
  2.4 단계  격자 1 ms (1420 점)  창 (256, 512, 1024, 2048, 4096)
    [   0] 포락  87.45%  정밀  84.29%  오차  1.84 dB  펄스 0.047  손실 0.7095
    [  50] 포락  81.26%  정밀  77.01%  오차  3.47 dB  펄스 0.032  손실 1.1342
    [  99] 포락  85.31%  정밀  81.97%  오차  1.48 dB  펄스 0.029  손실 0.6224
  3 단계  위상 (가중 3.0, 200 반복)
      lr 0.050 -> 손실 4.8024
      lr 0.120 -> 손실 4.8024
