잡음 제거: 바닥 -9.6 -> -16.5 dB (−6.9 dB), 정점 -20.1 -> -20.2 dB
구간 0.000~1.420 s, 1420 프레임 × 1.0 ms
  1 단계 전역 40 스칼라 (이득 -27.1 dB)
      lr 0.015 -> 손실 4.6178
      lr 0.030 -> 손실 4.2975
      lr 0.050 -> 손실 3.9321
      lr 0.090 -> 손실 3.4892
      -> lr 0.090 선택
    [   0] 포락  23.77%  정밀 -12.83%  오차 10.47 dB  펄스 1.529  손실 5.1437
    [  50] 포락  57.15%  정밀  40.29%  오차 10.08 dB  펄스 0.480  손실 3.4438
    [ 100] 포락  58.12%  정밀  51.01%  오차  8.97 dB  펄스 0.469  손실 3.1799
    [ 150] 포락  57.32%  정밀  50.72%  오차  8.52 dB  펄스 0.469  손실 3.1038
    [ 199] 포락  57.14%  정밀  50.43%  오차  8.43 dB  펄스 0.469  손실 3.0872
  2.1 단계  격자 20 ms (71 점)  창 (256, 512)
    [   0] 포락  57.14%  정밀  50.43%  오차  8.43 dB  펄스 0.469  손실 3.0872
    [  50] 포락  74.67%  정밀  70.05%  오차  3.86 dB  펄스 0.941  손실 2.3126
    [  99] 포락  76.12%  정밀  71.06%  오차  3.46 dB  펄스 0.861  손실 2.1131
  2.2 단계  격자 10 ms (142 점)  창 (256, 512, 1024)
    [   0] 포락  75.99%  정밀  65.95%  오차  3.51 dB  펄스 0.863  손실 2.1685
    [  50] 포락  79.55%  정밀  69.68%  오차  2.85 dB  펄스 0.774  손실 1.8305
