잡음 제거: 바닥 -13.5 -> -24.5 dB (−11.0 dB), 정점 -13.6 -> -13.6 dB
구간 0.000~1.420 s, 1420 프레임 × 1.0 ms
  1 단계 전역 32 스칼라 (이득 -39.2 dB)
      lr 0.015 -> 손실 5.0301
      lr 0.030 -> 손실 4.5369
      lr 0.050 -> 손실 4.1354
      lr 0.090 -> 손실 3.8288
      -> lr 0.090 선택
    [   0] 포락  -6.00%  정밀 -48.84%  오차 13.57 dB  펄스 0.967  손실 5.7464
    [  50] 포락  38.28%  정밀  10.99%  오차  7.86 dB  펄스 0.745  손실 3.6581
    [ 100] 포락  55.98%  정밀  48.10%  오차  6.47 dB  펄스 0.742  손실 3.0448
    [ 150] 포락  60.16%  정밀  55.70%  오차  6.11 dB  펄스 0.742  손실 2.8555
    [ 199] 포락  61.09%  정밀  56.57%  오차  6.03 dB  펄스 0.742  손실 2.8194
  2.1 단계  격자 20 ms (71 점)  창 (256, 512)
    [   0] 포락  61.09%  정밀  56.57%  오차  6.03 dB  펄스 0.742  손실 2.8194
    [  50] 포락  81.31%  정밀  78.27%  오차  3.03 dB  펄스 0.328  손실 1.4414
    [  99] 포락  82.99%  정밀  79.76%  오차  2.78 dB  펄스 0.270  손실 1.3004
  2.2 단계  격자 10 ms (142 점)  창 (256, 512, 1024)
    [   0] 포락  82.85%  정밀  78.50%  오차  2.85 dB  펄스 0.272  손실 1.3258
    [  50] 포락  85.84%  정밀  80.72%  오차  2.45 dB  펄스 0.231  손실 1.1130
    [  99] 포락  85.66%  정밀  80.62%  오차  2.38 dB  펄스 0.211  손실 1.0700
  2.3 단계  격자 5 ms (284 점)  창 (256, 512, 1024, 2048)
    [   0] 포락  85.44%  정밀  78.24%  오차  2.47 dB  펄스 0.211  손실 1.1112
    [  50] 포락  87.35%  정밀  80.10%  오차  2.15 dB  펄스 0.182  손실 0.9215
    [  99] 포락  87.59%  정밀  80.35%  오차  2.08 dB  펄스 0.175  손실 0.8907
  2.4 단계  격자 1 ms (1420 점)  창 (256, 512, 1024, 2048, 4096)
    [   0] 포락  87.59%  정밀  78.54%  오차  2.08 dB  펄스 0.175  손실 0.9002
    [  50] 포락  89.89%  정밀  80.30%  오차  1.59 dB  펄스 0.164  손실 0.7600
    [  99] 포락  90.85%  정밀  80.82%  오차  1.37 dB  펄스 0.160  손실 0.6762
  3 단계  위상 (가중 3.0, 800 반복)
      lr 0.050 -> 손실 2.7207
      lr 0.120 -> 손실 4.3683
      lr 0.250 -> 손실 4.5600
      -> lr 0.050 선택
    [   0] 포락  90.85%  정밀  80.82%  오차  1.37 dB  펄스 0.160  손실 4.9465
