잡음 제거: 바닥 -9.6 -> -16.5 dB (−6.9 dB), 정점 -20.1 -> -20.2 dB
구간 0.000~1.420 s, 1420 프레임 × 1.0 ms
  1 단계 전역 32 스칼라 (이득 -37.6 dB)
      lr 0.015 -> 손실 4.9506
      lr 0.030 -> 손실 4.3018
      lr 0.050 -> 손실 3.8300
      lr 0.090 -> 손실 3.3384
      -> lr 0.090 선택
    [   0] 포락   1.53%  정밀 -34.50%  오차 12.35 dB  펄스 1.529  손실 5.8190
    [  50] 포락  56.65%  정밀  43.50%  오차  9.37 dB  펄스 0.479  손실 3.2610
    [ 100] 포락  59.30%  정밀  54.45%  오차  8.71 dB  펄스 0.469  손실 3.0676
    [ 150] 포락  58.01%  정밀  53.58%  오차  7.80 dB  펄스 0.469  손실 2.9038
    [ 199] 포락  57.75%  정밀  53.50%  오차  7.61 dB  펄스 0.469  손실 2.8682
  2.1 단계  격자 20 ms (71 점)  창 (256, 512)
    [   0] 포락  57.75%  정밀  53.50%  오차  7.61 dB  펄스 0.469  손실 2.8682
    [  50] 포락  77.10%  정밀  74.38%  오차  3.67 dB  펄스 0.036  손실 1.3097
    [  99] 포락  79.00%  정밀  75.49%  오차  3.41 dB  펄스 0.020  손실 1.1989
  2.2 단계  격자 10 ms (142 점)  창 (256, 512, 1024)
    [   0] 포락  78.86%  정밀  76.57%  오차  3.48 dB  펄스 0.020  손실 1.2107
    [  50] 포락  82.53%  정밀  79.91%  오차  2.82 dB  펄스 0.137  손실 1.0929
    [  99] 포락  83.47%  정밀  80.64%  오차  2.70 dB  펄스 0.096  손실 1.0065
  2.3 단계  격자 5 ms (284 점)  창 (256, 512, 1024, 2048)
    [   0] 포락  83.45%  정밀  80.29%  오차  2.75 dB  펄스 0.096  손실 1.0307
    [  50] 포락  85.58%  정밀  82.04%  오차  2.37 dB  펄스 0.043  손실 0.8328
    [  99] 포락  86.32%  정밀  82.65%  오차  2.28 dB  펄스 0.037  손실 0.7871
  2.4 단계  격자 1 ms (1420 점)  창 (256, 512, 1024, 2048, 4096)
    [   0] 포락  86.32%  정밀  81.83%  오차  2.28 dB  펄스 0.037  손실 0.7920
    [  50] 포락  89.72%  정밀  83.45%  오차  1.89 dB  펄스 0.032  손실 0.6662
    [  99] 포락  90.65%  정밀  83.99%  오차  1.66 dB  펄스 0.031  손실 0.5899
  3 단계  위상 (가중 3.0, 200 반복)
      lr 0.050 -> 손실 2.8567
      lr 0.120 -> 손실 2.8567
      lr 0.250 -> 손실 2.8567
      -> lr 0.050 선택
    [   0] 포락  90.65%  정밀  83.99%  오차  1.66 dB  펄스 0.031  손실 2.8567
    [  50] 포락  85.72%  정밀  77.31%  오차  3.02 dB  펄스 0.253  손실 3.0601
    [ 100] 포락  83.81%  정밀  75.80%  오차  2.93 dB  펄스 0.471  손실 3.7936
    [ 150] 포락  90.23%  정밀  83.04%  오차  1.81 dB  펄스 0.137  손실 1.9367
    [ 199] 포락  91.28%  정밀  84.25%  오차  1.49 dB  펄스 0.127  손실 1.5809
포락 91.28%  정밀 84.24%   평균오차 1.49 dB  (손실 1.5764, 200 회)  [256:87.9 512:86.3 1024:84.4 2048:82.2 4096:80.4]
보정 정밀: 분해 불가 (진단값 95.29, 잔여거리 비율 0.07, 잡음비 1.05, 실현 기준 추정 81.8 %, 시간평균 스펙트럼 77.9 %)
  * 분산 보정으로 편향을 판별하지 못했다. 하한·합격 판정으로 쓰지 말고 잡음비와 아래 치찰음 지문을 함께 읽을 것.

대역 에너지 (총합 대비 dB)
             0-0k   0-1k   1-2k   2-3k   3-5k   5-8k  8-12k 12-24k
목표        -0.6  -10.6  -17.1  -24.6  -22.0  -20.4  -24.2  -34.8
합성        -0.6  -11.0  -17.4  -24.9  -22.5  -20.7  -24.6  -34.6

치찰음 지문 (목표 -> 합성)
  무게중심    2591 ->    2557 Hz (-34)   봉우리   1641 ->   1641 Hz (+0)
  치찰도      -7.8 ->    -8.0 dB (-0.3)   대역 MAE 0.39 dB   변조 MAE 7.6 %p
  지글거림(마찰 15%, F0 259 Hz)  F0대역  4.00x  60-150  2.55x  150-400  3.91x   대역레벨 -40.3 -> -41.5 dB
  지글거림(유성 78%, F0 279 Hz)  F0대역  1.09x  60-150  2.27x  150-400  0.86x   대역레벨 -58.5 -> -60.1 dB

움직인 파라미터 (초기 중앙값 -> 적합 중앙값)
  p_sub             6.196 ->      8.034
  adduction         0.393 ->      0.315
  rd_offset         0.000 ->      1.315
  tilt              2.000 ->      2.376
  aspiration        1.000 ->      0.050
  jitter            0.004 ->      0.009
  shimmer           0.030 ->      0.011
  f1              496.147 ->    464.503
  f4             4806.123 ->   4289.361
  bw1             101.628 ->    158.075
  bw2             245.120 ->    121.425
  bw3             319.260 ->    190.939
  bw4             435.135 ->    524.310
  tract_gain        1.000 ->      0.923
  a_c               3.000 ->      2.660
  fric_gain         1.000 ->     11.802
  velum             0.000 ->      0.000
  nasal_damp        1.000 ->      0.664
  nasal_gain        1.000 ->      2.801
  lat_mix           0.050 ->      0.065
  lat_bw          350.000 ->    470.930

결과: out/pole/s101_target.wav / out/pole/s101_fit.wav / out/pole/s101_track.npz
