잡음 제거: 바닥 -13.5 -> -24.5 dB (−11.0 dB), 정점 -13.6 -> -13.6 dB
구간 0.000~1.420 s, 1420 프레임 × 1.0 ms
  1 단계 전역 32 스칼라 (이득 -29.9 dB)
      lr 0.015 -> 손실 4.3937
      lr 0.030 -> 손실 3.8188
      lr 0.050 -> 손실 3.5755
      lr 0.090 -> 손실 3.4416
      -> lr 0.090 선택
    [   0] 포락 -14.15%  정밀 -87.00%  오차 11.28 dB  펄스 0.967  손실 5.5189
    [  50] 포락  48.35%  정밀  38.89%  오차  7.29 dB  펄스 0.745  손실 3.2454
    [ 100] 포락  59.37%  정밀  55.94%  오차  6.09 dB  펄스 0.742  손실 2.8179
    [ 150] 포락  59.43%  정밀  56.15%  오차  6.01 dB  펄스 0.742  손실 2.8020
    [ 199] 포락  59.46%  정밀  56.16%  오차  6.00 dB  펄스 0.742  손실 2.7998
  2.1 단계  격자 20 ms (71 점)  창 (256, 512)
    [   0] 포락  59.46%  정밀  56.16%  오차  6.00 dB  펄스 0.742  손실 2.7998
    [  50] 포락  84.07%  정밀  81.45%  오차  2.88 dB  펄스 0.119  손실 1.1352
    [  99] 포락  84.82%  정밀  82.36%  오차  2.66 dB  펄스 0.083  손실 1.0335
  2.2 단계  격자 10 ms (142 점)  창 (256, 512, 1024)
    [   0] 포락  84.67%  정밀  82.10%  오차  2.74 dB  펄스 0.084  손실 1.0602
    [  50] 포락  86.42%  정밀  83.30%  오차  2.24 dB  펄스 0.345  손실 1.1572
    [  99] 포락  86.62%  정밀  83.35%  오차  2.13 dB  펄스 0.273  손실 1.0459
  2.3 단계  격자 5 ms (284 점)  창 (256, 512, 1024, 2048)
    [   0] 포락  86.69%  정밀  81.78%  오차  2.19 dB  펄스 0.275  손실 1.0797
    [  50] 포락  88.48%  정밀  83.45%  오차  1.86 dB  펄스 0.256  손실 0.9168
    [  99] 포락  88.81%  정밀  83.68%  오차  1.80 dB  펄스 0.237  손실 0.8658
  2.4 단계  격자 1 ms (1420 점)  창 (256, 512, 1024, 2048, 4096)
    [   0] 포락  88.81%  정밀  82.13%  오차  1.80 dB  펄스 0.237  손실 0.8743
    [  50] 포락  89.96%  정밀  82.57%  오차  1.42 dB  펄스 0.212  손실 0.7469
    [  99] 포락  90.63%  정밀  82.77%  오차  1.27 dB  펄스 0.207  손실 0.6856
  3 단계  위상 (가중 3.0, 200 반복)
      lr 0.050 -> 손실 3.8231
      lr 0.120 -> 손실 4.7439
      lr 0.250 -> 손실 4.7439
      -> lr 0.050 선택
    [   0] 포락  90.63%  정밀  82.77%  오차  1.27 dB  펄스 0.207  손실 4.7439
    [  50] 포락  85.06%  정밀  73.95%  오차  2.40 dB  펄스 0.503  손실 3.6354
    [ 100] 포락  86.24%  정밀  75.99%  오차  2.23 dB  펄스 0.394  손실 3.2254
    [ 150] 포락  88.31%  정밀  78.18%  오차  1.49 dB  펄스 0.377  손실 2.3933
    [ 199] 포락  89.09%  정밀  78.83%  오차  1.35 dB  펄스 0.372  손실 2.2402
포락 89.11%  정밀 78.91%   평균오차 1.34 dB  (손실 2.1859, 200 회)  [256:84.7 512:82.4 1024:78.3 2048:74.8 4096:74.4]
보정 정밀: 84.74 % (진단값 84.74, 잔여거리 비율 0.44, 잡음비 1.13, 실현 기준 추정 83.2 %, 시간평균 스펙트럼 69.4 %)

대역 에너지 (총합 대비 dB)
             0-0k   0-1k   1-2k   2-3k   3-5k   5-8k  8-12k 12-24k
목표        -0.6  -10.6  -18.2  -20.7  -25.1  -23.9  -20.8  -25.6
합성        -0.6  -10.5  -18.9  -21.0  -25.4  -23.8  -20.9  -25.5

치찰음 지문 (목표 -> 합성)
  무게중심    1100 ->    1069 Hz (-31)   봉우리   1594 ->   1594 Hz (+0)
  치찰도     -16.2 ->   -16.4 dB (-0.1)   대역 MAE 0.54 dB   변조 MAE 8.7 %p
  지글거림(마찰  9%, F0 302 Hz)  F0대역  3.85x  60-150  1.51x  150-400  4.25x   대역레벨 -38.5 -> -39.4 dB
  지글거림(유성 86%, F0 281 Hz)  F0대역  2.63x  60-150  2.12x  150-400  2.72x   대역레벨 -52.6 -> -55.0 dB

움직인 파라미터 (초기 중앙값 -> 적합 중앙값)
  p_sub             6.751 ->      7.290
  adduction         0.363 ->      0.685
  rd_offset         0.000 ->      1.353
  tilt              2.000 ->      3.873
  aspiration        1.000 ->      0.133
  jitter            0.004 ->      0.010
  shimmer           0.030 ->      0.000
  f1              541.018 ->    578.405
  f4             4440.345 ->   4106.044
  bw1              91.087 ->    153.719
  bw2             318.549 ->    142.419
  bw3             273.772 ->    243.595
  bw4             425.913 ->    313.446
  tract_gain        1.000 ->      0.796
  fric_gain         1.000 ->     48.100
  back_leak         0.300 ->      0.231
  velum             0.000 ->      0.000
  nasal_damp        1.000 ->      0.820
  nasal_gain        1.000 ->      2.601
  lat_mix           0.050 ->      0.056
  lat_bw          350.000 ->    415.157

결과: out/pole/s040_target.wav / out/pole/s040_fit.wav / out/pole/s040_track.npz
