잡음 제거: 바닥 -13.5 -> -24.5 dB (−11.0 dB), 정점 -13.6 -> -13.6 dB
구간 0.000~1.420 s, 1420 프레임 × 1.0 ms
  1 단계 전역 32 스칼라 (이득 -20.4 dB)
      lr 0.015 -> 손실 6.5633
      lr 0.030 -> 손실 5.9508
      lr 0.050 -> 손실 5.6762
      lr 0.090 -> 손실 5.4375
      -> lr 0.090 선택
    [   0] 포락   2.75%  정밀 -60.44%  오차  9.84 dB  펄스 0.967  손실 8.3831
    [  50] 포락  50.31%  정밀  46.47%  오차  6.66 dB  펄스 0.743  손실 5.3458
    [ 100] 포락  51.05%  정밀  49.15%  오차  6.36 dB  펄스 0.742  손실 5.2203
    [ 150] 포락  52.02%  정밀  50.16%  오차  6.26 dB  펄스 0.741  손실 5.1861
    [ 199] 포락  52.54%  정밀  50.65%  오차  6.23 dB  펄스 0.741  손실 5.1719
  2.1 단계  격자 20 ms (71 점)  창 (256, 512)
    [   0] 포락  52.54%  정밀  50.65%  오차  6.23 dB  펄스 0.741  손실 5.1719
    [  50] 포락  82.14%  정밀  79.74%  오차  3.63 dB  펄스 0.213  손실 1.9303
    [  99] 포락  82.90%  정밀  80.61%  오차  3.29 dB  펄스 0.152  손실 1.6605
  2.2 단계  격자 10 ms (142 점)  창 (256, 512, 1024)
    [   0] 포락  82.90%  정밀  80.29%  오차  3.29 dB  펄스 0.152  손실 1.6620
    [  50] 포락  83.50%  정밀  77.35%  오차  2.81 dB  펄스 0.751  손실 2.5525
    [  99] 포락  83.72%  정밀  77.89%  오차  2.65 dB  펄스 0.624  손실 2.0713
  2.3 단계  격자 5 ms (284 점)  창 (256, 512, 1024, 2048)
    [   0] 포락  82.90%  정밀  79.68%  오차  3.29 dB  펄스 0.152  손실 1.6650
    [  50] 포락  65.41%  정밀  33.67%  오차  4.27 dB  펄스 0.991  손실 6.1644
    [  99] 포락  59.12%  정밀  32.98%  오차  4.11 dB  펄스 1.002  손실 4.9482
  2.4 단계  격자 1 ms (284 점)  창 (256, 512, 1024, 2048, 4096)
    [   0] 포락  82.90%  정밀  78.97%  오차  3.29 dB  펄스 0.152  손실 1.6686
    [  50] 포락  81.30%  정밀  77.15%  오차  2.82 dB  펄스 0.479  손실 2.4238
    [  99] 포락  82.81%  정밀  78.40%  오차  2.67 dB  펄스 0.267  손실 1.6592
  3 단계  위상 (가중 3.0, 200 반복)
      lr 0.050 -> 손실 3.9734
      lr 0.120 -> 손실 3.9734
      lr 0.250 -> 손실 3.9734
      -> lr 0.050 선택
    [   0] 포락  82.81%  정밀  78.40%  오차  2.67 dB  펄스 0.267  손실 3.9734
    [  50] 포락  75.54%  정밀  59.16%  오차  2.96 dB  펄스 0.906  손실 7.9425
    [ 100] 포락  75.19%  정밀  66.99%  오차  2.76 dB  펄스 0.958  손실 8.6915
    [ 150] 포락  76.68%  정밀  69.83%  오차  2.61 dB  펄스 1.139  손실 8.5871
    [ 199] 포락  77.80%  정밀  71.05%  오차  2.56 dB  펄스 0.588  손실 4.1375
포락 82.81%  정밀 78.40%   평균오차 2.67 dB  (손실 3.9734, 200 회)  [256:80.8 512:82.5 1024:79.6 2048:76.0 4096:73.1]
보정 정밀: 78.55 % (진단값 78.55, 잔여거리 비율 0.84, 잡음비 0.99, 실현 기준 추정 90.8 %, 시간평균 스펙트럼 62.7 %)

대역 에너지 (총합 대비 dB)
             0-0k   0-1k   1-2k   2-3k   3-5k   5-8k  8-12k 12-24k
목표        -0.6  -10.6  -18.2  -20.7  -25.1  -23.9  -20.8  -25.6
합성        -0.6  -10.6  -18.1  -21.6  -25.7  -23.4  -21.9  -25.1

치찰음 지문 (목표 -> 합성)
  무게중심    1100 ->    1055 Hz (-45)   봉우리   1594 ->   1594 Hz (+0)
  치찰도     -16.2 ->   -16.6 dB (-0.4)   대역 MAE 0.52 dB   변조 MAE 3.1 %p
  지글거림(마찰 12%, F0 300 Hz)  F0대역  1.63x  60-150  1.52x  150-400  1.93x   대역레벨 -39.8 -> -40.3 dB
  지글거림(유성 85%, F0 285 Hz)  F0대역  2.42x  60-150  1.31x  150-400  1.79x   대역레벨 -53.3 -> -55.2 dB

움직인 파라미터 (초기 중앙값 -> 적합 중앙값)
  p_sub             6.751 ->      7.440
  adduction         0.363 ->      0.659
  rd_offset         0.000 ->      1.299
  tilt              2.000 ->      6.626
  aspiration        1.000 ->      0.510
  jitter            0.004 ->      0.010
  shimmer           0.030 ->      0.004
  f2             1821.795 ->   2008.966
  bw1              91.087 ->    164.680
  bw3             273.772 ->    560.615
  bw4             425.913 ->   1186.930
  tract_gain        1.000 ->      0.791
  fric_gain         1.000 ->      6.671
  velum             0.000 ->      0.000
  nasal_damp        1.000 ->      0.740
  nasal_gain        1.000 ->      2.588
  lat_mix           0.050 ->      0.057
  lat_bw          350.000 ->    388.054

결과: out/L8/s040_target.wav / out/L8/s040_fit.wav / out/L8/s040_track.npz
