잡음 제거: 바닥 -9.6 -> -16.5 dB (−6.9 dB), 정점 -20.1 -> -20.2 dB
구간 0.000~1.420 s, 1420 프레임 × 1.0 ms
  1 단계 전역 32 스칼라 (이득 -29.3 dB)
      lr 0.015 -> 손실 6.5208
      lr 0.030 -> 손실 6.0229
      lr 0.050 -> 손실 5.5703
      lr 0.090 -> 손실 5.0619
      -> lr 0.090 선택
    [   0] 포락  17.00%  정밀 -16.10%  오차 10.11 dB  펄스 1.529  손실 7.6604
    [  50] 포락  43.90%  정밀  40.57%  오차  9.82 dB  펄스 0.476  손실 4.9675
    [ 100] 포락  44.75%  정밀  41.02%  오차  9.72 dB  펄스 0.470  손실 4.9378
    [ 150] 포락  44.42%  정밀  41.07%  오차  9.39 dB  펄스 0.470  손실 4.8486
    [ 199] 포락  45.62%  정밀  42.54%  오차  9.12 dB  펄스 0.470  손실 4.7715
  2.1 단계  격자 20 ms (71 점)  창 (256, 512)
    [   0] 포락  45.62%  정밀  42.54%  오차  9.12 dB  펄스 0.470  손실 4.7715
    [  50] 포락  73.12%  정밀  69.56%  오차  4.54 dB  펄스 0.144  손실 2.1552
    [  99] 포락  77.14%  정밀  73.81%  오차  4.18 dB  펄스 0.101  손실 1.8452
  2.2 단계  격자 10 ms (142 점)  창 (256, 512, 1024)
    [   0] 포락  77.14%  정밀  73.26%  오차  4.18 dB  펄스 0.101  손실 1.8479
    [  50] 포락  83.82%  정밀  79.97%  오차  3.20 dB  펄스 0.100  손실 1.4097
    [  99] 포락  85.16%  정밀  81.54%  오차  3.01 dB  펄스 0.090  손실 1.2857
  2.3 단계  격자 5 ms (284 점)  창 (256, 512, 1024, 2048)
    [   0] 포락  85.16%  정밀  80.66%  오차  3.01 dB  펄스 0.090  손실 1.2896
    [  50] 포락  85.50%  정밀  81.29%  오차  2.65 dB  펄스 0.125  손실 1.2255
    [  99] 포락  86.97%  정밀  82.51%  오차  2.43 dB  펄스 0.073  손실 1.0233
  2.4 단계  격자 1 ms (284 점)  창 (256, 512, 1024, 2048, 4096)
    [   0] 포락  86.97%  정밀  81.40%  오차  2.43 dB  펄스 0.073  손실 1.0289
    [  50] 포락  86.55%  정밀  81.80%  오차  2.29 dB  펄스 0.150  손실 1.1627
    [  99] 포락  87.63%  정밀  82.48%  오차  2.14 dB  펄스 0.121  손실 1.0341
  3 단계  위상 (가중 3.0, 200 반복)
      lr 0.050 -> 손실 2.7299
      lr 0.120 -> 손실 2.7299
      lr 0.250 -> 손실 2.7299
      -> lr 0.050 선택
    [   0] 포락  86.97%  정밀  81.40%  오차  2.43 dB  펄스 0.073  손실 2.7299
    [  50] 포락  72.88%  정밀  61.80%  오차  2.84 dB  펄스 1.058  손실 8.6001
    [ 100] 포락  74.54%  정밀  65.21%  오차  2.51 dB  펄스 0.916  손실 8.5516
    [ 150] 포락  74.35%  정밀  68.47%  오차  2.28 dB  펄스 0.437  손실 4.0503
    [ 199] 포락  74.48%  정밀  69.11%  오차  2.23 dB  펄스 0.399  손실 3.5202
포락 86.97%  정밀 81.40%   평균오차 2.43 dB  (손실 2.7299, 200 회)  [256:84.6 512:84.4 1024:82.0 2048:79.0 4096:76.9]
보정 정밀: 83.81 % (진단값 83.81, 잔여거리 비율 0.56, 잡음비 0.98, 실현 기준 추정 85.9 %, 시간평균 스펙트럼 58.5 %)

대역 에너지 (총합 대비 dB)
             0-0k   0-1k   1-2k   2-3k   3-5k   5-8k  8-12k 12-24k
목표        -0.6  -10.6  -17.1  -24.6  -22.0  -20.4  -24.2  -34.8
합성        -0.6  -10.9  -17.1  -24.4  -23.8  -20.6  -23.8  -34.1

치찰음 지문 (목표 -> 합성)
  무게중심    2591 ->    2550 Hz (-41)   봉우리   1641 ->   1125 Hz (-516)
  치찰도      -7.8 ->    -8.4 dB (-0.6)   대역 MAE 1.06 dB   변조 MAE 3.4 %p
  지글거림(마찰 17%, F0 250 Hz)  F0대역  1.73x  60-150  0.75x  150-400  1.72x   대역레벨 -41.0 -> -41.6 dB
  지글거림(유성 68%, F0 266 Hz)  F0대역  1.66x  60-150  2.13x  150-400  1.58x   대역레벨 -59.0 -> -61.3 dB

움직인 파라미터 (초기 중앙값 -> 적합 중앙값)
  p_sub             6.196 ->      9.311
  adduction         0.393 ->      0.587
  rd_offset         0.000 ->      0.625
  tilt              2.000 ->      2.283
  aspiration        1.000 ->      0.251
  jitter            0.004 ->      0.010
  shimmer           0.030 ->      0.012
  f1              496.147 ->    439.664
  f3             3221.903 ->   3473.383
  bw1             101.628 ->     81.756
  bw2             245.120 ->    226.627
  bw3             319.260 ->    261.962
  bw4             435.135 ->   1535.410
  a_c               3.000 ->      2.749
  fric_gain         1.000 ->     20.260
  velum             0.000 ->      0.000
  nasal_damp        1.000 ->      0.666
  nasal_gain        1.000 ->      3.597
  lat_bw          350.000 ->    456.994

결과: out/L8/s101_target.wav / out/L8/s101_fit.wav / out/L8/s101_track.npz
